Copyright 1986-2022 Xilinx, Inc. All Rights Reserved.
--------------------------------------------------------------------------------------------------------------------
| Tool Version : Vivado v.2022.2 (win64) Build 3671981 Fri Oct 14 05:00:03 MDT 2022
| Date         : Tue Jun 30 11:07:20 2026
| Host         : LAPTOP-G40ALRVF running 64-bit major release  (build 9200)
| Command      : report_utilization -hierarchical -file D:/MDC-NTT/reports/utilization_poly_mul_top_stageA_hier.rpt
| Design       : poly_mul_top
| Device       : xc7a200tsbg484-1
| Speed File   : -1
| Design State : Synthesized
--------------------------------------------------------------------------------------------------------------------

Utilization Design Information

Table of Contents
-----------------
1. Utilization by Hierarchy

1. Utilization by Hierarchy
---------------------------

+-------------------------------------+-------------------------------------+------------+------------+---------+------+-------+--------+--------+------------+
|               Instance              |                Module               | Total LUTs | Logic LUTs | LUTRAMs | SRLs |  FFs  | RAMB36 | RAMB18 | DSP Blocks |
+-------------------------------------+-------------------------------------+------------+------------+---------+------+-------+--------+--------+------------+
| poly_mul_top                        |                               (top) |      78599 |      50003 |   26112 | 2484 | 34197 |     10 |      0 |        436 |
|   (poly_mul_top)                    |                               (top) |      27460 |       1348 |   26112 |    0 |   412 |      0 |      0 |          0 |
|   u_core                            |                         gs_mdc_core |      32773 |      31082 |       0 | 1691 | 26631 |     10 |      0 |        280 |
|     (u_core)                        |                         gs_mdc_core |        774 |        774 |       0 |    0 |   102 |      0 |      0 |          0 |
|     g_stage[0].u_stage              |                           mdc_stage |       7194 |       7128 |       0 |   66 |  2022 |      4 |      0 |         20 |
|       (g_stage[0].u_stage)          |                           mdc_stage |        261 |        261 |       0 |    0 |   262 |      0 |      0 |          0 |
|       g_output_reorder.fifo_a_delay |                        delay_memory |         10 |         10 |       0 |    0 |    10 |      2 |      0 |          0 |
|       g_output_reorder.fifo_b_delay |                    delay_memory_156 |         10 |         10 |       0 |    0 |    10 |      2 |      0 |          0 |
|       u_butterfly                   |                    gs_butterfly_157 |       3073 |       3007 |       0 |   66 |  1740 |      0 |      0 |         20 |
|         (u_butterfly)               |                    gs_butterfly_157 |       1024 |       1024 |       0 |    0 |   128 |      0 |      0 |          0 |
|         u_add                       |                         mod_add_159 |        142 |        142 |       0 |    0 |     0 |      0 |      0 |          0 |
|         u_mul                       | mont_mul_select__parameterized0_160 |       1531 |       1530 |       0 |    1 |  1482 |      0 |      0 |         20 |
|           (u_mul)                   | mont_mul_select__parameterized0_160 |        136 |        136 |       0 |    0 |     0 |      0 |      0 |          0 |
|           g_wl.u_mul                |                     mont_mul_wl_163 |       1407 |       1406 |       0 |    1 |  1482 |      0 |      0 |         20 |
|             (g_wl.u_mul)            |                     mont_mul_wl_163 |         64 |         64 |       0 |    0 |    64 |      0 |      0 |          0 |
|             u_intmul                |              intmul_64x64_24x17_164 |        885 |        884 |       0 |    1 |   643 |      0 |      0 |         12 |
|             u_round0                |                  wlmont_round16_165 |        107 |        107 |       0 |    0 |   241 |      0 |      0 |          2 |
|             u_round1                |                  wlmont_round16_166 |        107 |        107 |       0 |    0 |   210 |      0 |      0 |          2 |
|             u_round2                |                  wlmont_round16_167 |        107 |        107 |       0 |    0 |   178 |      0 |      0 |          2 |
|             u_round3                |                  wlmont_round16_168 |        137 |        137 |       0 |    0 |   146 |      0 |      0 |          2 |
|         u_sub                       |                         mod_sub_161 |        144 |        144 |       0 |    0 |     0 |      0 |      0 |          0 |
|         u_sum_delay                 |                      delay_line_162 |        232 |        167 |       0 |   65 |   130 |      0 |      0 |          0 |
|       u_twiddle_rom                 |                     twiddle_rom_158 |       3840 |       3840 |       0 |    0 |     0 |      0 |      0 |          0 |
|     g_stage[10].u_stage             |           mdc_stage__parameterized9 |       1566 |       1500 |       0 |   66 |  1885 |      0 |      0 |         20 |
|       (g_stage[10].u_stage)         |           mdc_stage__parameterized9 |         12 |         12 |       0 |    0 |    17 |      0 |      0 |          0 |
|       g_output_reorder.fifo_a_delay |        delay_memory__parameterized9 |         64 |         64 |       0 |    0 |    64 |      0 |      0 |          0 |
|       g_output_reorder.fifo_b_delay |    delay_memory__parameterized9_143 |          0 |          0 |       0 |    0 |    64 |      0 |      0 |          0 |
|       u_butterfly                   |                    gs_butterfly_144 |       1487 |       1421 |       0 |   66 |  1740 |      0 |      0 |         20 |
|         (u_butterfly)               |                    gs_butterfly_144 |          0 |          0 |       0 |    0 |   128 |      0 |      0 |          0 |
|         u_add                       |                         mod_add_146 |        142 |        142 |       0 |    0 |     0 |      0 |      0 |          0 |
|         u_mul                       | mont_mul_select__parameterized0_147 |        963 |        962 |       0 |    1 |  1482 |      0 |      0 |         20 |
|           (u_mul)                   | mont_mul_select__parameterized0_147 |        136 |        136 |       0 |    0 |     0 |      0 |      0 |          0 |
|           g_wl.u_mul                |                     mont_mul_wl_150 |        839 |        838 |       0 |    1 |  1482 |      0 |      0 |         20 |
|             (g_wl.u_mul)            |                     mont_mul_wl_150 |         33 |         33 |       0 |    0 |    64 |      0 |      0 |          0 |
|             u_intmul                |              intmul_64x64_24x17_151 |        348 |        347 |       0 |    1 |   643 |      0 |      0 |         12 |
|             u_round0                |                  wlmont_round16_152 |        107 |        107 |       0 |    0 |   241 |      0 |      0 |          2 |
|             u_round1                |                  wlmont_round16_153 |        107 |        107 |       0 |    0 |   210 |      0 |      0 |          2 |
|             u_round2                |                  wlmont_round16_154 |        107 |        107 |       0 |    0 |   178 |      0 |      0 |          2 |
|             u_round3                |                  wlmont_round16_155 |        137 |        137 |       0 |    0 |   146 |      0 |      0 |          2 |
|         u_sub                       |                         mod_sub_148 |        144 |        144 |       0 |    0 |     0 |      0 |      0 |          0 |
|         u_sum_delay                 |                      delay_line_149 |        238 |        173 |       0 |   65 |   130 |      0 |      0 |          0 |
|       u_twiddle_rom                 |                     twiddle_rom_145 |          3 |          3 |       0 |    0 |     0 |      0 |      0 |          0 |
|     g_stage[11].u_stage             |          mdc_stage__parameterized10 |       1283 |       1217 |       0 |   66 |  1740 |      0 |      0 |         20 |
|       u_butterfly                   |                    gs_butterfly_132 |       1283 |       1217 |       0 |   66 |  1740 |      0 |      0 |         20 |
|         (u_butterfly)               |                    gs_butterfly_132 |          0 |          0 |       0 |    0 |   128 |      0 |      0 |          0 |
|         u_add                       |                         mod_add_133 |        142 |        142 |       0 |    0 |     0 |      0 |      0 |          0 |
|         u_mul                       | mont_mul_select__parameterized0_134 |        927 |        926 |       0 |    1 |  1482 |      0 |      0 |         20 |
|           (u_mul)                   | mont_mul_select__parameterized0_134 |        136 |        136 |       0 |    0 |     0 |      0 |      0 |          0 |
|           g_wl.u_mul                |                     mont_mul_wl_137 |        803 |        802 |       0 |    1 |  1482 |      0 |      0 |         20 |
|             (g_wl.u_mul)            |                     mont_mul_wl_137 |          0 |          0 |       0 |    0 |    64 |      0 |      0 |          0 |
|             u_intmul                |              intmul_64x64_24x17_138 |        345 |        344 |       0 |    1 |   643 |      0 |      0 |         12 |
|             u_round0                |                  wlmont_round16_139 |        107 |        107 |       0 |    0 |   241 |      0 |      0 |          2 |
|             u_round1                |                  wlmont_round16_140 |        107 |        107 |       0 |    0 |   210 |      0 |      0 |          2 |
|             u_round2                |                  wlmont_round16_141 |        107 |        107 |       0 |    0 |   178 |      0 |      0 |          2 |
|             u_round3                |                  wlmont_round16_142 |        137 |        137 |       0 |    0 |   146 |      0 |      0 |          2 |
|         u_sub                       |                         mod_sub_135 |        144 |        144 |       0 |    0 |     0 |      0 |      0 |          0 |
|         u_sum_delay                 |                      delay_line_136 |         70 |          5 |       0 |   65 |   130 |      0 |      0 |          0 |
|     g_stage[1].u_stage              |           mdc_stage__parameterized0 |       3910 |       3844 |       0 |   66 |  1895 |      2 |      0 |         20 |
|       (g_stage[1].u_stage)          |           mdc_stage__parameterized0 |        132 |        132 |       0 |    0 |   137 |      0 |      0 |          0 |
|       g_output_reorder.fifo_a_delay |        delay_memory__parameterized0 |          9 |          9 |       0 |    0 |     9 |      1 |      0 |          0 |
|       g_output_reorder.fifo_b_delay |    delay_memory__parameterized0_119 |          9 |          9 |       0 |    0 |     9 |      1 |      0 |          0 |
|       u_butterfly                   |                    gs_butterfly_120 |       1840 |       1774 |       0 |   66 |  1740 |      0 |      0 |         20 |
|         (u_butterfly)               |                    gs_butterfly_120 |          0 |          0 |       0 |    0 |   128 |      0 |      0 |          0 |
|         u_add                       |                         mod_add_122 |        142 |        142 |       0 |    0 |     0 |      0 |      0 |          0 |
|         u_mul                       | mont_mul_select__parameterized0_123 |       1291 |       1290 |       0 |    1 |  1482 |      0 |      0 |         20 |
|           (u_mul)                   | mont_mul_select__parameterized0_123 |        136 |        136 |       0 |    0 |     0 |      0 |      0 |          0 |
|           g_wl.u_mul                |                     mont_mul_wl_126 |       1167 |       1166 |       0 |    1 |  1482 |      0 |      0 |         20 |
|             (g_wl.u_mul)            |                     mont_mul_wl_126 |         64 |         64 |       0 |    0 |    64 |      0 |      0 |          0 |
|             u_intmul                |              intmul_64x64_24x17_127 |        645 |        644 |       0 |    1 |   643 |      0 |      0 |         12 |
|             u_round0                |                  wlmont_round16_128 |        107 |        107 |       0 |    0 |   241 |      0 |      0 |          2 |
|             u_round1                |                  wlmont_round16_129 |        107 |        107 |       0 |    0 |   210 |      0 |      0 |          2 |
|             u_round2                |                  wlmont_round16_130 |        107 |        107 |       0 |    0 |   178 |      0 |      0 |          2 |
|             u_round3                |                  wlmont_round16_131 |        137 |        137 |       0 |    0 |   146 |      0 |      0 |          2 |
|         u_sub                       |                         mod_sub_124 |        144 |        144 |       0 |    0 |     0 |      0 |      0 |          0 |
|         u_sum_delay                 |                      delay_line_125 |        263 |        198 |       0 |   65 |   130 |      0 |      0 |          0 |
|       u_twiddle_rom                 |                     twiddle_rom_121 |       1920 |       1920 |       0 |    0 |     0 |      0 |      0 |          0 |
|     g_stage[2].u_stage              |           mdc_stage__parameterized1 |       2780 |       2714 |       0 |   66 |  1843 |      2 |      0 |         20 |
|       (g_stage[2].u_stage)          |           mdc_stage__parameterized1 |         83 |         83 |       0 |    0 |    87 |      0 |      0 |          0 |
|       g_output_reorder.fifo_a_delay |        delay_memory__parameterized1 |         71 |         71 |       0 |    0 |     8 |      1 |      0 |          0 |
|       g_output_reorder.fifo_b_delay |    delay_memory__parameterized1_106 |          7 |          7 |       0 |    0 |     8 |      1 |      0 |          0 |
|       u_butterfly                   |                    gs_butterfly_107 |       1659 |       1593 |       0 |   66 |  1740 |      0 |      0 |         20 |
|         (u_butterfly)               |                    gs_butterfly_107 |          0 |          0 |       0 |    0 |   128 |      0 |      0 |          0 |
|         u_add                       |                         mod_add_109 |        142 |        142 |       0 |    0 |     0 |      0 |      0 |          0 |
|         u_mul                       | mont_mul_select__parameterized0_110 |       1171 |       1170 |       0 |    1 |  1482 |      0 |      0 |         20 |
|           (u_mul)                   | mont_mul_select__parameterized0_110 |        136 |        136 |       0 |    0 |     0 |      0 |      0 |          0 |
|           g_wl.u_mul                |                     mont_mul_wl_113 |       1047 |       1046 |       0 |    1 |  1482 |      0 |      0 |         20 |
|             (g_wl.u_mul)            |                     mont_mul_wl_113 |         64 |         64 |       0 |    0 |    64 |      0 |      0 |          0 |
|             u_intmul                |              intmul_64x64_24x17_114 |        525 |        524 |       0 |    1 |   643 |      0 |      0 |         12 |
|             u_round0                |                  wlmont_round16_115 |        107 |        107 |       0 |    0 |   241 |      0 |      0 |          2 |
|             u_round1                |                  wlmont_round16_116 |        107 |        107 |       0 |    0 |   210 |      0 |      0 |          2 |
|             u_round2                |                  wlmont_round16_117 |        107 |        107 |       0 |    0 |   178 |      0 |      0 |          2 |
|             u_round3                |                  wlmont_round16_118 |        137 |        137 |       0 |    0 |   146 |      0 |      0 |          2 |
|         u_sub                       |                         mod_sub_111 |        144 |        144 |       0 |    0 |     0 |      0 |      0 |          0 |
|         u_sum_delay                 |                      delay_line_112 |        202 |        137 |       0 |   65 |   130 |      0 |      0 |          0 |
|       u_twiddle_rom                 |                     twiddle_rom_108 |        960 |        960 |       0 |    0 |     0 |      0 |      0 |          0 |
|     g_stage[3].u_stage              |           mdc_stage__parameterized2 |       2230 |       2164 |       0 |   66 |  1801 |      2 |      0 |         20 |
|       (g_stage[3].u_stage)          |           mdc_stage__parameterized2 |         44 |         44 |       0 |    0 |    47 |      0 |      0 |          0 |
|       g_output_reorder.fifo_a_delay |        delay_memory__parameterized2 |         71 |         71 |       0 |    0 |     7 |      1 |      0 |          0 |
|       g_output_reorder.fifo_b_delay |     delay_memory__parameterized2_93 |          7 |          7 |       0 |    0 |     7 |      1 |      0 |          0 |
|       u_butterfly                   |                     gs_butterfly_94 |       1628 |       1562 |       0 |   66 |  1740 |      0 |      0 |         20 |
|         (u_butterfly)               |                     gs_butterfly_94 |          0 |          0 |       0 |    0 |   128 |      0 |      0 |          0 |
|         u_add                       |                          mod_add_96 |        142 |        142 |       0 |    0 |     0 |      0 |      0 |          0 |
|         u_mul                       |  mont_mul_select__parameterized0_97 |       1171 |       1170 |       0 |    1 |  1482 |      0 |      0 |         20 |
|           (u_mul)                   |  mont_mul_select__parameterized0_97 |        136 |        136 |       0 |    0 |     0 |      0 |      0 |          0 |
|           g_wl.u_mul                |                     mont_mul_wl_100 |       1047 |       1046 |       0 |    1 |  1482 |      0 |      0 |         20 |
|             (g_wl.u_mul)            |                     mont_mul_wl_100 |         64 |         64 |       0 |    0 |    64 |      0 |      0 |          0 |
|             u_intmul                |              intmul_64x64_24x17_101 |        525 |        524 |       0 |    1 |   643 |      0 |      0 |         12 |
|             u_round0                |                  wlmont_round16_102 |        107 |        107 |       0 |    0 |   241 |      0 |      0 |          2 |
|             u_round1                |                  wlmont_round16_103 |        107 |        107 |       0 |    0 |   210 |      0 |      0 |          2 |
|             u_round2                |                  wlmont_round16_104 |        107 |        107 |       0 |    0 |   178 |      0 |      0 |          2 |
|             u_round3                |                  wlmont_round16_105 |        137 |        137 |       0 |    0 |   146 |      0 |      0 |          2 |
|         u_sub                       |                          mod_sub_98 |        144 |        144 |       0 |    0 |     0 |      0 |      0 |          0 |
|         u_sum_delay                 |                       delay_line_99 |        171 |        106 |       0 |   65 |   130 |      0 |      0 |          0 |
|       u_twiddle_rom                 |                      twiddle_rom_95 |        480 |        480 |       0 |    0 |     0 |      0 |      0 |          0 |
|     g_stage[4].u_stage              |           mdc_stage__parameterized3 |       2099 |       1777 |       0 |  322 |  2035 |      0 |      0 |         20 |
|       (g_stage[4].u_stage)          |           mdc_stage__parameterized3 |         34 |         34 |       0 |    0 |    39 |      0 |      0 |          0 |
|       g_output_reorder.fifo_a_delay |        delay_memory__parameterized3 |        192 |         64 |       0 |  128 |   128 |      0 |      0 |          0 |
|       g_output_reorder.fifo_b_delay |     delay_memory__parameterized3_80 |        128 |          0 |       0 |  128 |   128 |      0 |      0 |          0 |
|       u_butterfly                   |                     gs_butterfly_81 |       1505 |       1439 |       0 |   66 |  1740 |      0 |      0 |         20 |
|         (u_butterfly)               |                     gs_butterfly_81 |          0 |          0 |       0 |    0 |   128 |      0 |      0 |          0 |
|         u_add                       |                          mod_add_83 |        142 |        142 |       0 |    0 |     0 |      0 |      0 |          0 |
|         u_mul                       |  mont_mul_select__parameterized0_84 |       1019 |       1018 |       0 |    1 |  1482 |      0 |      0 |         20 |
|           (u_mul)                   |  mont_mul_select__parameterized0_84 |        136 |        136 |       0 |    0 |     0 |      0 |      0 |          0 |
|           g_wl.u_mul                |                      mont_mul_wl_87 |        895 |        894 |       0 |    1 |  1482 |      0 |      0 |         20 |
|             (g_wl.u_mul)            |                      mont_mul_wl_87 |         32 |         32 |       0 |    0 |    64 |      0 |      0 |          0 |
|             u_intmul                |               intmul_64x64_24x17_88 |        405 |        404 |       0 |    1 |   643 |      0 |      0 |         12 |
|             u_round0                |                   wlmont_round16_89 |        107 |        107 |       0 |    0 |   241 |      0 |      0 |          2 |
|             u_round1                |                   wlmont_round16_90 |        107 |        107 |       0 |    0 |   210 |      0 |      0 |          2 |
|             u_round2                |                   wlmont_round16_91 |        107 |        107 |       0 |    0 |   178 |      0 |      0 |          2 |
|             u_round3                |                   wlmont_round16_92 |        137 |        137 |       0 |    0 |   146 |      0 |      0 |          2 |
|         u_sub                       |                          mod_sub_85 |        144 |        144 |       0 |    0 |     0 |      0 |      0 |          0 |
|         u_sum_delay                 |                       delay_line_86 |        200 |        135 |       0 |   65 |   130 |      0 |      0 |          0 |
|       u_twiddle_rom                 |                      twiddle_rom_82 |        240 |        240 |       0 |    0 |     0 |      0 |      0 |          0 |
|     g_stage[5].u_stage              |           mdc_stage__parameterized4 |       1836 |       1642 |       0 |  194 |  2020 |      0 |      0 |         20 |
|       (g_stage[5].u_stage)          |           mdc_stage__parameterized4 |         19 |         19 |       0 |    0 |    24 |      0 |      0 |          0 |
|       g_output_reorder.fifo_a_delay |        delay_memory__parameterized4 |        128 |         64 |       0 |   64 |   128 |      0 |      0 |          0 |
|       g_output_reorder.fifo_b_delay |     delay_memory__parameterized4_67 |         64 |          0 |       0 |   64 |   128 |      0 |      0 |          0 |
|       u_butterfly                   |                     gs_butterfly_68 |       1505 |       1439 |       0 |   66 |  1740 |      0 |      0 |         20 |
|         (u_butterfly)               |                     gs_butterfly_68 |          0 |          0 |       0 |    0 |   128 |      0 |      0 |          0 |
|         u_add                       |                          mod_add_70 |        142 |        142 |       0 |    0 |     0 |      0 |      0 |          0 |
|         u_mul                       |  mont_mul_select__parameterized0_71 |       1019 |       1018 |       0 |    1 |  1482 |      0 |      0 |         20 |
|           (u_mul)                   |  mont_mul_select__parameterized0_71 |        136 |        136 |       0 |    0 |     0 |      0 |      0 |          0 |
|           g_wl.u_mul                |                      mont_mul_wl_74 |        895 |        894 |       0 |    1 |  1482 |      0 |      0 |         20 |
|             (g_wl.u_mul)            |                      mont_mul_wl_74 |         32 |         32 |       0 |    0 |    64 |      0 |      0 |          0 |
|             u_intmul                |               intmul_64x64_24x17_75 |        405 |        404 |       0 |    1 |   643 |      0 |      0 |         12 |
|             u_round0                |                   wlmont_round16_76 |        107 |        107 |       0 |    0 |   241 |      0 |      0 |          2 |
|             u_round1                |                   wlmont_round16_77 |        107 |        107 |       0 |    0 |   210 |      0 |      0 |          2 |
|             u_round2                |                   wlmont_round16_78 |        107 |        107 |       0 |    0 |   178 |      0 |      0 |          2 |
|             u_round3                |                   wlmont_round16_79 |        137 |        137 |       0 |    0 |   146 |      0 |      0 |          2 |
|         u_sub                       |                          mod_sub_72 |        144 |        144 |       0 |    0 |     0 |      0 |      0 |          0 |
|         u_sum_delay                 |                       delay_line_73 |        200 |        135 |       0 |   65 |   130 |      0 |      0 |          0 |
|       u_twiddle_rom                 |                      twiddle_rom_69 |        120 |        120 |       0 |    0 |     0 |      0 |      0 |          0 |
|     g_stage[6].u_stage              |           mdc_stage__parameterized5 |       1774 |       1580 |       0 |  194 |  2018 |      0 |      0 |         20 |
|       (g_stage[6].u_stage)          |           mdc_stage__parameterized5 |         17 |         17 |       0 |    0 |    22 |      0 |      0 |          0 |
|       g_output_reorder.fifo_a_delay |        delay_memory__parameterized5 |        128 |         64 |       0 |   64 |   128 |      0 |      0 |          0 |
|       g_output_reorder.fifo_b_delay |     delay_memory__parameterized5_54 |         64 |          0 |       0 |   64 |   128 |      0 |      0 |          0 |
|       u_butterfly                   |                     gs_butterfly_55 |       1505 |       1439 |       0 |   66 |  1740 |      0 |      0 |         20 |
|         (u_butterfly)               |                     gs_butterfly_55 |          0 |          0 |       0 |    0 |   128 |      0 |      0 |          0 |
|         u_add                       |                          mod_add_57 |        142 |        142 |       0 |    0 |     0 |      0 |      0 |          0 |
|         u_mul                       |  mont_mul_select__parameterized0_58 |       1019 |       1018 |       0 |    1 |  1482 |      0 |      0 |         20 |
|           (u_mul)                   |  mont_mul_select__parameterized0_58 |        136 |        136 |       0 |    0 |     0 |      0 |      0 |          0 |
|           g_wl.u_mul                |                      mont_mul_wl_61 |        895 |        894 |       0 |    1 |  1482 |      0 |      0 |         20 |
|             (g_wl.u_mul)            |                      mont_mul_wl_61 |         32 |         32 |       0 |    0 |    64 |      0 |      0 |          0 |
|             u_intmul                |               intmul_64x64_24x17_62 |        405 |        404 |       0 |    1 |   643 |      0 |      0 |         12 |
|             u_round0                |                   wlmont_round16_63 |        107 |        107 |       0 |    0 |   241 |      0 |      0 |          2 |
|             u_round1                |                   wlmont_round16_64 |        107 |        107 |       0 |    0 |   210 |      0 |      0 |          2 |
|             u_round2                |                   wlmont_round16_65 |        107 |        107 |       0 |    0 |   178 |      0 |      0 |          2 |
|             u_round3                |                   wlmont_round16_66 |        137 |        137 |       0 |    0 |   146 |      0 |      0 |          2 |
|         u_sub                       |                          mod_sub_59 |        144 |        144 |       0 |    0 |     0 |      0 |      0 |          0 |
|         u_sum_delay                 |                       delay_line_60 |        200 |        135 |       0 |   65 |   130 |      0 |      0 |          0 |
|       u_twiddle_rom                 |                      twiddle_rom_56 |         60 |         60 |       0 |    0 |     0 |      0 |      0 |          0 |
|     g_stage[7].u_stage              |           mdc_stage__parameterized6 |       1812 |       1618 |       0 |  194 |  2018 |      0 |      0 |         20 |
|       (g_stage[7].u_stage)          |           mdc_stage__parameterized6 |         15 |         15 |       0 |    0 |    22 |      0 |      0 |          0 |
|       g_output_reorder.fifo_a_delay |        delay_memory__parameterized6 |        128 |         64 |       0 |   64 |   128 |      0 |      0 |          0 |
|       g_output_reorder.fifo_b_delay |     delay_memory__parameterized6_41 |         64 |          0 |       0 |   64 |   128 |      0 |      0 |          0 |
|       u_butterfly                   |                     gs_butterfly_42 |       1545 |       1479 |       0 |   66 |  1740 |      0 |      0 |         20 |
|         (u_butterfly)               |                     gs_butterfly_42 |          0 |          0 |       0 |    0 |   128 |      0 |      0 |          0 |
|         u_add                       |                          mod_add_44 |        142 |        142 |       0 |    0 |     0 |      0 |      0 |          0 |
|         u_mul                       |  mont_mul_select__parameterized0_45 |       1018 |       1017 |       0 |    1 |  1482 |      0 |      0 |         20 |
|           (u_mul)                   |  mont_mul_select__parameterized0_45 |        136 |        136 |       0 |    0 |     0 |      0 |      0 |          0 |
|           g_wl.u_mul                |                      mont_mul_wl_48 |        894 |        893 |       0 |    1 |  1482 |      0 |      0 |         20 |
|             (g_wl.u_mul)            |                      mont_mul_wl_48 |         32 |         32 |       0 |    0 |    64 |      0 |      0 |          0 |
|             u_intmul                |               intmul_64x64_24x17_49 |        404 |        403 |       0 |    1 |   643 |      0 |      0 |         12 |
|             u_round0                |                   wlmont_round16_50 |        107 |        107 |       0 |    0 |   241 |      0 |      0 |          2 |
|             u_round1                |                   wlmont_round16_51 |        107 |        107 |       0 |    0 |   210 |      0 |      0 |          2 |
|             u_round2                |                   wlmont_round16_52 |        107 |        107 |       0 |    0 |   178 |      0 |      0 |          2 |
|             u_round3                |                   wlmont_round16_53 |        137 |        137 |       0 |    0 |   146 |      0 |      0 |          2 |
|         u_sub                       |                          mod_sub_46 |        144 |        144 |       0 |    0 |     0 |      0 |      0 |          0 |
|         u_sum_delay                 |                       delay_line_47 |        241 |        176 |       0 |   65 |   130 |      0 |      0 |          0 |
|       u_twiddle_rom                 |                      twiddle_rom_43 |         60 |         60 |       0 |    0 |     0 |      0 |      0 |          0 |
|     g_stage[8].u_stage              |           mdc_stage__parameterized7 |       1746 |       1552 |       0 |  194 |  2016 |      0 |      0 |         20 |
|       (g_stage[8].u_stage)          |           mdc_stage__parameterized7 |         14 |         14 |       0 |    0 |    20 |      0 |      0 |          0 |
|       g_output_reorder.fifo_a_delay |        delay_memory__parameterized7 |        128 |         64 |       0 |   64 |   128 |      0 |      0 |          0 |
|       g_output_reorder.fifo_b_delay |     delay_memory__parameterized7_28 |         64 |          0 |       0 |   64 |   128 |      0 |      0 |          0 |
|       u_butterfly                   |                     gs_butterfly_29 |       1485 |       1419 |       0 |   66 |  1740 |      0 |      0 |         20 |
|         (u_butterfly)               |                     gs_butterfly_29 |          0 |          0 |       0 |    0 |   128 |      0 |      0 |          0 |
|         u_add                       |                          mod_add_31 |        142 |        142 |       0 |    0 |     0 |      0 |      0 |          0 |
|         u_mul                       |  mont_mul_select__parameterized0_32 |        959 |        958 |       0 |    1 |  1482 |      0 |      0 |         20 |
|           (u_mul)                   |  mont_mul_select__parameterized0_32 |        136 |        136 |       0 |    0 |     0 |      0 |      0 |          0 |
|           g_wl.u_mul                |                      mont_mul_wl_35 |        835 |        834 |       0 |    1 |  1482 |      0 |      0 |         20 |
|             (g_wl.u_mul)            |                      mont_mul_wl_35 |         32 |         32 |       0 |    0 |    64 |      0 |      0 |          0 |
|             u_intmul                |               intmul_64x64_24x17_36 |        345 |        344 |       0 |    1 |   643 |      0 |      0 |         12 |
|             u_round0                |                   wlmont_round16_37 |        107 |        107 |       0 |    0 |   241 |      0 |      0 |          2 |
|             u_round1                |                   wlmont_round16_38 |        107 |        107 |       0 |    0 |   210 |      0 |      0 |          2 |
|             u_round2                |                   wlmont_round16_39 |        107 |        107 |       0 |    0 |   178 |      0 |      0 |          2 |
|             u_round3                |                   wlmont_round16_40 |        137 |        137 |       0 |    0 |   146 |      0 |      0 |          2 |
|         u_sub                       |                          mod_sub_33 |        144 |        144 |       0 |    0 |     0 |      0 |      0 |          0 |
|         u_sum_delay                 |                       delay_line_34 |        240 |        175 |       0 |   65 |   130 |      0 |      0 |          0 |
|       u_twiddle_rom                 |                      twiddle_rom_30 |         55 |         55 |       0 |    0 |     0 |      0 |      0 |          0 |
|     g_stage[9].u_stage              |           mdc_stage__parameterized8 |       1580 |       1514 |       0 |   66 |  2014 |      0 |      0 |         20 |
|       (g_stage[9].u_stage)          |           mdc_stage__parameterized8 |         13 |         13 |       0 |    0 |    18 |      0 |      0 |          0 |
|       g_output_reorder.fifo_a_delay |        delay_memory__parameterized8 |         64 |         64 |       0 |    0 |   128 |      0 |      0 |          0 |
|       g_output_reorder.fifo_b_delay |     delay_memory__parameterized8_20 |          0 |          0 |       0 |    0 |   128 |      0 |      0 |          0 |
|       u_butterfly                   |                        gs_butterfly |       1485 |       1419 |       0 |   66 |  1740 |      0 |      0 |         20 |
|         (u_butterfly)               |                        gs_butterfly |          0 |          0 |       0 |    0 |   128 |      0 |      0 |          0 |
|         u_add                       |                             mod_add |        142 |        142 |       0 |    0 |     0 |      0 |      0 |          0 |
|         u_mul                       |  mont_mul_select__parameterized0_21 |        960 |        959 |       0 |    1 |  1482 |      0 |      0 |         20 |
|           (u_mul)                   |  mont_mul_select__parameterized0_21 |        136 |        136 |       0 |    0 |     0 |      0 |      0 |          0 |
|           g_wl.u_mul                |                      mont_mul_wl_22 |        836 |        835 |       0 |    1 |  1482 |      0 |      0 |         20 |
|             (g_wl.u_mul)            |                      mont_mul_wl_22 |         32 |         32 |       0 |    0 |    64 |      0 |      0 |          0 |
|             u_intmul                |               intmul_64x64_24x17_23 |        346 |        345 |       0 |    1 |   643 |      0 |      0 |         12 |
|             u_round0                |                   wlmont_round16_24 |        107 |        107 |       0 |    0 |   241 |      0 |      0 |          2 |
|             u_round1                |                   wlmont_round16_25 |        107 |        107 |       0 |    0 |   210 |      0 |      0 |          2 |
|             u_round2                |                   wlmont_round16_26 |        107 |        107 |       0 |    0 |   178 |      0 |      0 |          2 |
|             u_round3                |                   wlmont_round16_27 |        137 |        137 |       0 |    0 |   146 |      0 |      0 |          2 |
|         u_sub                       |                             mod_sub |        144 |        144 |       0 |    0 |     0 |      0 |      0 |          0 |
|         u_sum_delay                 |                          delay_line |        239 |        174 |       0 |   65 |   130 |      0 |      0 |          0 |
|       u_twiddle_rom                 |                         twiddle_rom |         18 |         18 |       0 |    0 |     0 |      0 |      0 |          0 |
|     u_intt_scale0                   |     mont_mul_select__parameterized0 |        923 |        922 |       0 |    1 |  1482 |      0 |      0 |         20 |
|       (u_intt_scale0)               |     mont_mul_select__parameterized0 |        136 |        136 |       0 |    0 |     0 |      0 |      0 |          0 |
|       g_wl.u_mul                    |                      mont_mul_wl_14 |        799 |        798 |       0 |    1 |  1482 |      0 |      0 |         20 |
|         (g_wl.u_mul)                |                      mont_mul_wl_14 |          0 |          0 |       0 |    0 |    64 |      0 |      0 |          0 |
|         u_intmul                    |               intmul_64x64_24x17_15 |        341 |        340 |       0 |    1 |   643 |      0 |      0 |         12 |
|         u_round0                    |                   wlmont_round16_16 |        107 |        107 |       0 |    0 |   241 |      0 |      0 |          2 |
|         u_round1                    |                   wlmont_round16_17 |        107 |        107 |       0 |    0 |   210 |      0 |      0 |          2 |
|         u_round2                    |                   wlmont_round16_18 |        107 |        107 |       0 |    0 |   178 |      0 |      0 |          2 |
|         u_round3                    |                   wlmont_round16_19 |        137 |        137 |       0 |    0 |   146 |      0 |      0 |          2 |
|     u_intt_scale1                   |  mont_mul_select__parameterized0_10 |        923 |        922 |       0 |    1 |  1482 |      0 |      0 |         20 |
|       (u_intt_scale1)               |  mont_mul_select__parameterized0_10 |        136 |        136 |       0 |    0 |     0 |      0 |      0 |          0 |
|       g_wl.u_mul                    |                         mont_mul_wl |        799 |        798 |       0 |    1 |  1482 |      0 |      0 |         20 |
|         (g_wl.u_mul)                |                         mont_mul_wl |          0 |          0 |       0 |    0 |    64 |      0 |      0 |          0 |
|         u_intmul                    |                  intmul_64x64_24x17 |        341 |        340 |       0 |    1 |   643 |      0 |      0 |         12 |
|         u_round0                    |                      wlmont_round16 |        107 |        107 |       0 |    0 |   241 |      0 |      0 |          2 |
|         u_round1                    |                   wlmont_round16_11 |        107 |        107 |       0 |    0 |   210 |      0 |      0 |          2 |
|         u_round2                    |                   wlmont_round16_12 |        107 |        107 |       0 |    0 |   178 |      0 |      0 |          2 |
|         u_round3                    |                   wlmont_round16_13 |        137 |        137 |       0 |    0 |   146 |      0 |      0 |          2 |
|     u_ntt_output_delay              |          delay_line__parameterized0 |        343 |        214 |       0 |  129 |   258 |      0 |      0 |          0 |
|   u_mul0                            |                       pointwise_mul |       1521 |       1392 |       0 |  129 |  1155 |      0 |      0 |         26 |
|     u_mul                           |                          mont_mul_9 |       1521 |       1392 |       0 |  129 |  1155 |      0 |      0 |         26 |
|   u_mul1                            |                     pointwise_mul_0 |       1224 |       1096 |       0 |  128 |  1153 |      0 |      0 |         26 |
|     u_mul                           |                          mont_mul_8 |       1224 |       1096 |       0 |  128 |  1153 |      0 |      0 |         26 |
|   u_mul_addr_delay                  |          delay_line__parameterized1 |        109 |         98 |       0 |   11 |    82 |      0 |      0 |          0 |
|   u_post_addr_delay                 |          delay_line__parameterized2 |        179 |        167 |       0 |   12 |   150 |      0 |      0 |          0 |
|   u_post_mul0                       |                            mont_mul |       1096 |        968 |       0 |  128 |  1153 |      0 |      0 |         26 |
|   u_post_mul1                       |                          mont_mul_1 |       1096 |        968 |       0 |  128 |  1153 |      0 |      0 |         26 |
|   u_pre_mul0                        |                     mont_mul_select |       2252 |       2123 |       0 |  129 |  1155 |      0 |      0 |         26 |
|     g_current.u_mul                 |                          mont_mul_7 |       2252 |       2123 |       0 |  129 |  1155 |      0 |      0 |         26 |
|   u_pre_mul1                        |                   mont_mul_select_2 |       2249 |       2121 |       0 |  128 |  1153 |      0 |      0 |         26 |
|     g_current.u_mul                 |                          mont_mul_6 |       2249 |       2121 |       0 |  128 |  1153 |      0 |      0 |         26 |
|   u_psi_fwd0                        |                             psi_rom |       2160 |       2160 |       0 |    0 |     0 |      0 |      0 |          0 |
|   u_psi_fwd1                        |                           psi_rom_3 |       2160 |       2160 |       0 |    0 |     0 |      0 |      0 |          0 |
|   u_psi_inv0                        |                           psi_rom_4 |       2160 |       2160 |       0 |    0 |     0 |      0 |      0 |          0 |
|   u_psi_inv1                        |                           psi_rom_5 |       2160 |       2160 |       0 |    0 |     0 |      0 |      0 |          0 |
+-------------------------------------+-------------------------------------+------------+------------+---------+------+-------+--------+--------+------------+


