Copyright 1986-2022 Xilinx, Inc. All Rights Reserved.
--------------------------------------------------------------------------------------------------------------------
| Tool Version : Vivado v.2022.2 (win64) Build 3671981 Fri Oct 14 05:00:03 MDT 2022
| Date         : Mon Jun 29 18:21:58 2026
| Host         : LAPTOP-G40ALRVF running 64-bit major release  (build 9200)
| Command      : report_utilization -hierarchical -file D:/MDC-NTT/reports/utilization_poly_mul_top_stageB_hier.rpt
| Design       : poly_mul_top
| Device       : xc7a200tsbg484-1
| Speed File   : -1
| Design State : Synthesized
--------------------------------------------------------------------------------------------------------------------

Utilization Design Information

Table of Contents
-----------------
1. Utilization by Hierarchy

1. Utilization by Hierarchy
---------------------------

+-------------------------------------+----------------------------------+------------+------------+---------+------+-------+--------+--------+------------+
|               Instance              |              Module              | Total LUTs | Logic LUTs | LUTRAMs | SRLs |  FFs  | RAMB36 | RAMB18 | DSP Blocks |
+-------------------------------------+----------------------------------+------------+------------+---------+------+-------+--------+--------+------------+
| poly_mul_top                        |                            (top) |      78259 |      49928 |   26112 | 2219 | 34825 |     10 |      0 |        424 |
|   (poly_mul_top)                    |                            (top) |      27462 |       1350 |   26112 |    0 |   394 |      0 |      0 |          0 |
|   u_core                            |                      gs_mdc_core |      32797 |      31106 |       0 | 1691 | 26636 |     10 |      0 |        280 |
|     (u_core)                        |                      gs_mdc_core |        775 |        775 |       0 |    0 |    98 |      0 |      0 |          0 |
|     g_stage[0].u_stage              |                        mdc_stage |       7186 |       7120 |       0 |   66 |  2015 |      4 |      0 |         20 |
|       (g_stage[0].u_stage)          |                        mdc_stage |        253 |        253 |       0 |    0 |   255 |      0 |      0 |          0 |
|       g_output_reorder.fifo_a_delay |                     delay_memory |         10 |         10 |       0 |    0 |    10 |      2 |      0 |          0 |
|       g_output_reorder.fifo_b_delay |                 delay_memory_167 |         10 |         10 |       0 |    0 |    10 |      2 |      0 |          0 |
|       u_butterfly                   |                 gs_butterfly_168 |       3073 |       3007 |       0 |   66 |  1740 |      0 |      0 |         20 |
|         (u_butterfly)               |                 gs_butterfly_168 |       1024 |       1024 |       0 |    0 |   128 |      0 |      0 |          0 |
|         u_add                       |                      mod_add_170 |        142 |        142 |       0 |    0 |     0 |      0 |      0 |          0 |
|         u_mul                       |              mont_mul_select_171 |       1531 |       1530 |       0 |    1 |  1482 |      0 |      0 |         20 |
|           (u_mul)                   |              mont_mul_select_171 |        136 |        136 |       0 |    0 |     0 |      0 |      0 |          0 |
|           g_wl.u_mul                |                  mont_mul_wl_174 |       1407 |       1406 |       0 |    1 |  1482 |      0 |      0 |         20 |
|             (g_wl.u_mul)            |                  mont_mul_wl_174 |         64 |         64 |       0 |    0 |    64 |      0 |      0 |          0 |
|             u_intmul                |           intmul_64x64_24x17_175 |        885 |        884 |       0 |    1 |   643 |      0 |      0 |         12 |
|             u_round0                |               wlmont_round16_176 |        107 |        107 |       0 |    0 |   241 |      0 |      0 |          2 |
|             u_round1                |               wlmont_round16_177 |        107 |        107 |       0 |    0 |   210 |      0 |      0 |          2 |
|             u_round2                |               wlmont_round16_178 |        107 |        107 |       0 |    0 |   178 |      0 |      0 |          2 |
|             u_round3                |               wlmont_round16_179 |        137 |        137 |       0 |    0 |   146 |      0 |      0 |          2 |
|         u_sub                       |                      mod_sub_172 |        144 |        144 |       0 |    0 |     0 |      0 |      0 |          0 |
|         u_sum_delay                 |                   delay_line_173 |        232 |        167 |       0 |   65 |   130 |      0 |      0 |          0 |
|       u_twiddle_rom                 |                  twiddle_rom_169 |       3840 |       3840 |       0 |    0 |     0 |      0 |      0 |          0 |
|     g_stage[10].u_stage             |        mdc_stage__parameterized9 |       1566 |       1500 |       0 |   66 |  1885 |      0 |      0 |         20 |
|       (g_stage[10].u_stage)         |        mdc_stage__parameterized9 |         12 |         12 |       0 |    0 |    17 |      0 |      0 |          0 |
|       g_output_reorder.fifo_a_delay |     delay_memory__parameterized9 |         64 |         64 |       0 |    0 |    64 |      0 |      0 |          0 |
|       g_output_reorder.fifo_b_delay | delay_memory__parameterized9_154 |          0 |          0 |       0 |    0 |    64 |      0 |      0 |          0 |
|       u_butterfly                   |                 gs_butterfly_155 |       1487 |       1421 |       0 |   66 |  1740 |      0 |      0 |         20 |
|         (u_butterfly)               |                 gs_butterfly_155 |          0 |          0 |       0 |    0 |   128 |      0 |      0 |          0 |
|         u_add                       |                      mod_add_157 |        142 |        142 |       0 |    0 |     0 |      0 |      0 |          0 |
|         u_mul                       |              mont_mul_select_158 |        963 |        962 |       0 |    1 |  1482 |      0 |      0 |         20 |
|           (u_mul)                   |              mont_mul_select_158 |        136 |        136 |       0 |    0 |     0 |      0 |      0 |          0 |
|           g_wl.u_mul                |                  mont_mul_wl_161 |        839 |        838 |       0 |    1 |  1482 |      0 |      0 |         20 |
|             (g_wl.u_mul)            |                  mont_mul_wl_161 |         33 |         33 |       0 |    0 |    64 |      0 |      0 |          0 |
|             u_intmul                |           intmul_64x64_24x17_162 |        348 |        347 |       0 |    1 |   643 |      0 |      0 |         12 |
|             u_round0                |               wlmont_round16_163 |        107 |        107 |       0 |    0 |   241 |      0 |      0 |          2 |
|             u_round1                |               wlmont_round16_164 |        107 |        107 |       0 |    0 |   210 |      0 |      0 |          2 |
|             u_round2                |               wlmont_round16_165 |        107 |        107 |       0 |    0 |   178 |      0 |      0 |          2 |
|             u_round3                |               wlmont_round16_166 |        137 |        137 |       0 |    0 |   146 |      0 |      0 |          2 |
|         u_sub                       |                      mod_sub_159 |        144 |        144 |       0 |    0 |     0 |      0 |      0 |          0 |
|         u_sum_delay                 |                   delay_line_160 |        238 |        173 |       0 |   65 |   130 |      0 |      0 |          0 |
|       u_twiddle_rom                 |                  twiddle_rom_156 |          3 |          3 |       0 |    0 |     0 |      0 |      0 |          0 |
|     g_stage[11].u_stage             |       mdc_stage__parameterized10 |       1283 |       1217 |       0 |   66 |  1740 |      0 |      0 |         20 |
|       u_butterfly                   |                 gs_butterfly_143 |       1283 |       1217 |       0 |   66 |  1740 |      0 |      0 |         20 |
|         (u_butterfly)               |                 gs_butterfly_143 |          0 |          0 |       0 |    0 |   128 |      0 |      0 |          0 |
|         u_add                       |                      mod_add_144 |        142 |        142 |       0 |    0 |     0 |      0 |      0 |          0 |
|         u_mul                       |              mont_mul_select_145 |        927 |        926 |       0 |    1 |  1482 |      0 |      0 |         20 |
|           (u_mul)                   |              mont_mul_select_145 |        136 |        136 |       0 |    0 |     0 |      0 |      0 |          0 |
|           g_wl.u_mul                |                  mont_mul_wl_148 |        803 |        802 |       0 |    1 |  1482 |      0 |      0 |         20 |
|             (g_wl.u_mul)            |                  mont_mul_wl_148 |          0 |          0 |       0 |    0 |    64 |      0 |      0 |          0 |
|             u_intmul                |           intmul_64x64_24x17_149 |        345 |        344 |       0 |    1 |   643 |      0 |      0 |         12 |
|             u_round0                |               wlmont_round16_150 |        107 |        107 |       0 |    0 |   241 |      0 |      0 |          2 |
|             u_round1                |               wlmont_round16_151 |        107 |        107 |       0 |    0 |   210 |      0 |      0 |          2 |
|             u_round2                |               wlmont_round16_152 |        107 |        107 |       0 |    0 |   178 |      0 |      0 |          2 |
|             u_round3                |               wlmont_round16_153 |        137 |        137 |       0 |    0 |   146 |      0 |      0 |          2 |
|         u_sub                       |                      mod_sub_146 |        144 |        144 |       0 |    0 |     0 |      0 |      0 |          0 |
|         u_sum_delay                 |                   delay_line_147 |         70 |          5 |       0 |   65 |   130 |      0 |      0 |          0 |
|     g_stage[1].u_stage              |        mdc_stage__parameterized0 |       3922 |       3856 |       0 |   66 |  1907 |      2 |      0 |         20 |
|       (g_stage[1].u_stage)          |        mdc_stage__parameterized0 |        144 |        144 |       0 |    0 |   149 |      0 |      0 |          0 |
|       g_output_reorder.fifo_a_delay |     delay_memory__parameterized0 |          9 |          9 |       0 |    0 |     9 |      1 |      0 |          0 |
|       g_output_reorder.fifo_b_delay | delay_memory__parameterized0_130 |          9 |          9 |       0 |    0 |     9 |      1 |      0 |          0 |
|       u_butterfly                   |                 gs_butterfly_131 |       1840 |       1774 |       0 |   66 |  1740 |      0 |      0 |         20 |
|         (u_butterfly)               |                 gs_butterfly_131 |          0 |          0 |       0 |    0 |   128 |      0 |      0 |          0 |
|         u_add                       |                      mod_add_133 |        142 |        142 |       0 |    0 |     0 |      0 |      0 |          0 |
|         u_mul                       |              mont_mul_select_134 |       1291 |       1290 |       0 |    1 |  1482 |      0 |      0 |         20 |
|           (u_mul)                   |              mont_mul_select_134 |        136 |        136 |       0 |    0 |     0 |      0 |      0 |          0 |
|           g_wl.u_mul                |                  mont_mul_wl_137 |       1167 |       1166 |       0 |    1 |  1482 |      0 |      0 |         20 |
|             (g_wl.u_mul)            |                  mont_mul_wl_137 |         64 |         64 |       0 |    0 |    64 |      0 |      0 |          0 |
|             u_intmul                |           intmul_64x64_24x17_138 |        645 |        644 |       0 |    1 |   643 |      0 |      0 |         12 |
|             u_round0                |               wlmont_round16_139 |        107 |        107 |       0 |    0 |   241 |      0 |      0 |          2 |
|             u_round1                |               wlmont_round16_140 |        107 |        107 |       0 |    0 |   210 |      0 |      0 |          2 |
|             u_round2                |               wlmont_round16_141 |        107 |        107 |       0 |    0 |   178 |      0 |      0 |          2 |
|             u_round3                |               wlmont_round16_142 |        137 |        137 |       0 |    0 |   146 |      0 |      0 |          2 |
|         u_sub                       |                      mod_sub_135 |        144 |        144 |       0 |    0 |     0 |      0 |      0 |          0 |
|         u_sum_delay                 |                   delay_line_136 |        263 |        198 |       0 |   65 |   130 |      0 |      0 |          0 |
|       u_twiddle_rom                 |                  twiddle_rom_132 |       1920 |       1920 |       0 |    0 |     0 |      0 |      0 |          0 |
|     g_stage[2].u_stage              |        mdc_stage__parameterized1 |       2781 |       2715 |       0 |   66 |  1844 |      2 |      0 |         20 |
|       (g_stage[2].u_stage)          |        mdc_stage__parameterized1 |         84 |         84 |       0 |    0 |    88 |      0 |      0 |          0 |
|       g_output_reorder.fifo_a_delay |     delay_memory__parameterized1 |         71 |         71 |       0 |    0 |     8 |      1 |      0 |          0 |
|       g_output_reorder.fifo_b_delay | delay_memory__parameterized1_117 |          7 |          7 |       0 |    0 |     8 |      1 |      0 |          0 |
|       u_butterfly                   |                 gs_butterfly_118 |       1659 |       1593 |       0 |   66 |  1740 |      0 |      0 |         20 |
|         (u_butterfly)               |                 gs_butterfly_118 |          0 |          0 |       0 |    0 |   128 |      0 |      0 |          0 |
|         u_add                       |                      mod_add_120 |        142 |        142 |       0 |    0 |     0 |      0 |      0 |          0 |
|         u_mul                       |              mont_mul_select_121 |       1171 |       1170 |       0 |    1 |  1482 |      0 |      0 |         20 |
|           (u_mul)                   |              mont_mul_select_121 |        136 |        136 |       0 |    0 |     0 |      0 |      0 |          0 |
|           g_wl.u_mul                |                  mont_mul_wl_124 |       1047 |       1046 |       0 |    1 |  1482 |      0 |      0 |         20 |
|             (g_wl.u_mul)            |                  mont_mul_wl_124 |         64 |         64 |       0 |    0 |    64 |      0 |      0 |          0 |
|             u_intmul                |           intmul_64x64_24x17_125 |        525 |        524 |       0 |    1 |   643 |      0 |      0 |         12 |
|             u_round0                |               wlmont_round16_126 |        107 |        107 |       0 |    0 |   241 |      0 |      0 |          2 |
|             u_round1                |               wlmont_round16_127 |        107 |        107 |       0 |    0 |   210 |      0 |      0 |          2 |
|             u_round2                |               wlmont_round16_128 |        107 |        107 |       0 |    0 |   178 |      0 |      0 |          2 |
|             u_round3                |               wlmont_round16_129 |        137 |        137 |       0 |    0 |   146 |      0 |      0 |          2 |
|         u_sub                       |                      mod_sub_122 |        144 |        144 |       0 |    0 |     0 |      0 |      0 |          0 |
|         u_sum_delay                 |                   delay_line_123 |        202 |        137 |       0 |   65 |   130 |      0 |      0 |          0 |
|       u_twiddle_rom                 |                  twiddle_rom_119 |        960 |        960 |       0 |    0 |     0 |      0 |      0 |          0 |
|     g_stage[3].u_stage              |        mdc_stage__parameterized2 |       2233 |       2167 |       0 |   66 |  1804 |      2 |      0 |         20 |
|       (g_stage[3].u_stage)          |        mdc_stage__parameterized2 |         47 |         47 |       0 |    0 |    50 |      0 |      0 |          0 |
|       g_output_reorder.fifo_a_delay |     delay_memory__parameterized2 |         71 |         71 |       0 |    0 |     7 |      1 |      0 |          0 |
|       g_output_reorder.fifo_b_delay | delay_memory__parameterized2_104 |          7 |          7 |       0 |    0 |     7 |      1 |      0 |          0 |
|       u_butterfly                   |                 gs_butterfly_105 |       1628 |       1562 |       0 |   66 |  1740 |      0 |      0 |         20 |
|         (u_butterfly)               |                 gs_butterfly_105 |          0 |          0 |       0 |    0 |   128 |      0 |      0 |          0 |
|         u_add                       |                      mod_add_107 |        142 |        142 |       0 |    0 |     0 |      0 |      0 |          0 |
|         u_mul                       |              mont_mul_select_108 |       1171 |       1170 |       0 |    1 |  1482 |      0 |      0 |         20 |
|           (u_mul)                   |              mont_mul_select_108 |        136 |        136 |       0 |    0 |     0 |      0 |      0 |          0 |
|           g_wl.u_mul                |                  mont_mul_wl_111 |       1047 |       1046 |       0 |    1 |  1482 |      0 |      0 |         20 |
|             (g_wl.u_mul)            |                  mont_mul_wl_111 |         64 |         64 |       0 |    0 |    64 |      0 |      0 |          0 |
|             u_intmul                |           intmul_64x64_24x17_112 |        525 |        524 |       0 |    1 |   643 |      0 |      0 |         12 |
|             u_round0                |               wlmont_round16_113 |        107 |        107 |       0 |    0 |   241 |      0 |      0 |          2 |
|             u_round1                |               wlmont_round16_114 |        107 |        107 |       0 |    0 |   210 |      0 |      0 |          2 |
|             u_round2                |               wlmont_round16_115 |        107 |        107 |       0 |    0 |   178 |      0 |      0 |          2 |
|             u_round3                |               wlmont_round16_116 |        137 |        137 |       0 |    0 |   146 |      0 |      0 |          2 |
|         u_sub                       |                      mod_sub_109 |        144 |        144 |       0 |    0 |     0 |      0 |      0 |          0 |
|         u_sum_delay                 |                   delay_line_110 |        171 |        106 |       0 |   65 |   130 |      0 |      0 |          0 |
|       u_twiddle_rom                 |                  twiddle_rom_106 |        480 |        480 |       0 |    0 |     0 |      0 |      0 |          0 |
|     g_stage[4].u_stage              |        mdc_stage__parameterized3 |       2098 |       1776 |       0 |  322 |  2035 |      0 |      0 |         20 |
|       (g_stage[4].u_stage)          |        mdc_stage__parameterized3 |         33 |         33 |       0 |    0 |    39 |      0 |      0 |          0 |
|       g_output_reorder.fifo_a_delay |     delay_memory__parameterized3 |        192 |         64 |       0 |  128 |   128 |      0 |      0 |          0 |
|       g_output_reorder.fifo_b_delay |  delay_memory__parameterized3_91 |        128 |          0 |       0 |  128 |   128 |      0 |      0 |          0 |
|       u_butterfly                   |                  gs_butterfly_92 |       1505 |       1439 |       0 |   66 |  1740 |      0 |      0 |         20 |
|         (u_butterfly)               |                  gs_butterfly_92 |          0 |          0 |       0 |    0 |   128 |      0 |      0 |          0 |
|         u_add                       |                       mod_add_94 |        142 |        142 |       0 |    0 |     0 |      0 |      0 |          0 |
|         u_mul                       |               mont_mul_select_95 |       1019 |       1018 |       0 |    1 |  1482 |      0 |      0 |         20 |
|           (u_mul)                   |               mont_mul_select_95 |        136 |        136 |       0 |    0 |     0 |      0 |      0 |          0 |
|           g_wl.u_mul                |                   mont_mul_wl_98 |        895 |        894 |       0 |    1 |  1482 |      0 |      0 |         20 |
|             (g_wl.u_mul)            |                   mont_mul_wl_98 |         32 |         32 |       0 |    0 |    64 |      0 |      0 |          0 |
|             u_intmul                |            intmul_64x64_24x17_99 |        405 |        404 |       0 |    1 |   643 |      0 |      0 |         12 |
|             u_round0                |               wlmont_round16_100 |        107 |        107 |       0 |    0 |   241 |      0 |      0 |          2 |
|             u_round1                |               wlmont_round16_101 |        107 |        107 |       0 |    0 |   210 |      0 |      0 |          2 |
|             u_round2                |               wlmont_round16_102 |        107 |        107 |       0 |    0 |   178 |      0 |      0 |          2 |
|             u_round3                |               wlmont_round16_103 |        137 |        137 |       0 |    0 |   146 |      0 |      0 |          2 |
|         u_sub                       |                       mod_sub_96 |        144 |        144 |       0 |    0 |     0 |      0 |      0 |          0 |
|         u_sum_delay                 |                    delay_line_97 |        200 |        135 |       0 |   65 |   130 |      0 |      0 |          0 |
|       u_twiddle_rom                 |                   twiddle_rom_93 |        240 |        240 |       0 |    0 |     0 |      0 |      0 |          0 |
|     g_stage[5].u_stage              |        mdc_stage__parameterized4 |       1836 |       1642 |       0 |  194 |  2020 |      0 |      0 |         20 |
|       (g_stage[5].u_stage)          |        mdc_stage__parameterized4 |         19 |         19 |       0 |    0 |    24 |      0 |      0 |          0 |
|       g_output_reorder.fifo_a_delay |     delay_memory__parameterized4 |        128 |         64 |       0 |   64 |   128 |      0 |      0 |          0 |
|       g_output_reorder.fifo_b_delay |  delay_memory__parameterized4_78 |         64 |          0 |       0 |   64 |   128 |      0 |      0 |          0 |
|       u_butterfly                   |                  gs_butterfly_79 |       1505 |       1439 |       0 |   66 |  1740 |      0 |      0 |         20 |
|         (u_butterfly)               |                  gs_butterfly_79 |          0 |          0 |       0 |    0 |   128 |      0 |      0 |          0 |
|         u_add                       |                       mod_add_81 |        142 |        142 |       0 |    0 |     0 |      0 |      0 |          0 |
|         u_mul                       |               mont_mul_select_82 |       1019 |       1018 |       0 |    1 |  1482 |      0 |      0 |         20 |
|           (u_mul)                   |               mont_mul_select_82 |        136 |        136 |       0 |    0 |     0 |      0 |      0 |          0 |
|           g_wl.u_mul                |                   mont_mul_wl_85 |        895 |        894 |       0 |    1 |  1482 |      0 |      0 |         20 |
|             (g_wl.u_mul)            |                   mont_mul_wl_85 |         32 |         32 |       0 |    0 |    64 |      0 |      0 |          0 |
|             u_intmul                |            intmul_64x64_24x17_86 |        405 |        404 |       0 |    1 |   643 |      0 |      0 |         12 |
|             u_round0                |                wlmont_round16_87 |        107 |        107 |       0 |    0 |   241 |      0 |      0 |          2 |
|             u_round1                |                wlmont_round16_88 |        107 |        107 |       0 |    0 |   210 |      0 |      0 |          2 |
|             u_round2                |                wlmont_round16_89 |        107 |        107 |       0 |    0 |   178 |      0 |      0 |          2 |
|             u_round3                |                wlmont_round16_90 |        137 |        137 |       0 |    0 |   146 |      0 |      0 |          2 |
|         u_sub                       |                       mod_sub_83 |        144 |        144 |       0 |    0 |     0 |      0 |      0 |          0 |
|         u_sum_delay                 |                    delay_line_84 |        200 |        135 |       0 |   65 |   130 |      0 |      0 |          0 |
|       u_twiddle_rom                 |                   twiddle_rom_80 |        120 |        120 |       0 |    0 |     0 |      0 |      0 |          0 |
|     g_stage[6].u_stage              |        mdc_stage__parameterized5 |       1774 |       1580 |       0 |  194 |  2018 |      0 |      0 |         20 |
|       (g_stage[6].u_stage)          |        mdc_stage__parameterized5 |         17 |         17 |       0 |    0 |    22 |      0 |      0 |          0 |
|       g_output_reorder.fifo_a_delay |     delay_memory__parameterized5 |        128 |         64 |       0 |   64 |   128 |      0 |      0 |          0 |
|       g_output_reorder.fifo_b_delay |  delay_memory__parameterized5_65 |         64 |          0 |       0 |   64 |   128 |      0 |      0 |          0 |
|       u_butterfly                   |                  gs_butterfly_66 |       1505 |       1439 |       0 |   66 |  1740 |      0 |      0 |         20 |
|         (u_butterfly)               |                  gs_butterfly_66 |          0 |          0 |       0 |    0 |   128 |      0 |      0 |          0 |
|         u_add                       |                       mod_add_68 |        142 |        142 |       0 |    0 |     0 |      0 |      0 |          0 |
|         u_mul                       |               mont_mul_select_69 |       1019 |       1018 |       0 |    1 |  1482 |      0 |      0 |         20 |
|           (u_mul)                   |               mont_mul_select_69 |        136 |        136 |       0 |    0 |     0 |      0 |      0 |          0 |
|           g_wl.u_mul                |                   mont_mul_wl_72 |        895 |        894 |       0 |    1 |  1482 |      0 |      0 |         20 |
|             (g_wl.u_mul)            |                   mont_mul_wl_72 |         32 |         32 |       0 |    0 |    64 |      0 |      0 |          0 |
|             u_intmul                |            intmul_64x64_24x17_73 |        405 |        404 |       0 |    1 |   643 |      0 |      0 |         12 |
|             u_round0                |                wlmont_round16_74 |        107 |        107 |       0 |    0 |   241 |      0 |      0 |          2 |
|             u_round1                |                wlmont_round16_75 |        107 |        107 |       0 |    0 |   210 |      0 |      0 |          2 |
|             u_round2                |                wlmont_round16_76 |        107 |        107 |       0 |    0 |   178 |      0 |      0 |          2 |
|             u_round3                |                wlmont_round16_77 |        137 |        137 |       0 |    0 |   146 |      0 |      0 |          2 |
|         u_sub                       |                       mod_sub_70 |        144 |        144 |       0 |    0 |     0 |      0 |      0 |          0 |
|         u_sum_delay                 |                    delay_line_71 |        200 |        135 |       0 |   65 |   130 |      0 |      0 |          0 |
|       u_twiddle_rom                 |                   twiddle_rom_67 |         60 |         60 |       0 |    0 |     0 |      0 |      0 |          0 |
|     g_stage[7].u_stage              |        mdc_stage__parameterized6 |       1812 |       1618 |       0 |  194 |  2018 |      0 |      0 |         20 |
|       (g_stage[7].u_stage)          |        mdc_stage__parameterized6 |         15 |         15 |       0 |    0 |    22 |      0 |      0 |          0 |
|       g_output_reorder.fifo_a_delay |     delay_memory__parameterized6 |        128 |         64 |       0 |   64 |   128 |      0 |      0 |          0 |
|       g_output_reorder.fifo_b_delay |  delay_memory__parameterized6_52 |         64 |          0 |       0 |   64 |   128 |      0 |      0 |          0 |
|       u_butterfly                   |                  gs_butterfly_53 |       1545 |       1479 |       0 |   66 |  1740 |      0 |      0 |         20 |
|         (u_butterfly)               |                  gs_butterfly_53 |          0 |          0 |       0 |    0 |   128 |      0 |      0 |          0 |
|         u_add                       |                       mod_add_55 |        142 |        142 |       0 |    0 |     0 |      0 |      0 |          0 |
|         u_mul                       |               mont_mul_select_56 |       1018 |       1017 |       0 |    1 |  1482 |      0 |      0 |         20 |
|           (u_mul)                   |               mont_mul_select_56 |        136 |        136 |       0 |    0 |     0 |      0 |      0 |          0 |
|           g_wl.u_mul                |                   mont_mul_wl_59 |        894 |        893 |       0 |    1 |  1482 |      0 |      0 |         20 |
|             (g_wl.u_mul)            |                   mont_mul_wl_59 |         32 |         32 |       0 |    0 |    64 |      0 |      0 |          0 |
|             u_intmul                |            intmul_64x64_24x17_60 |        404 |        403 |       0 |    1 |   643 |      0 |      0 |         12 |
|             u_round0                |                wlmont_round16_61 |        107 |        107 |       0 |    0 |   241 |      0 |      0 |          2 |
|             u_round1                |                wlmont_round16_62 |        107 |        107 |       0 |    0 |   210 |      0 |      0 |          2 |
|             u_round2                |                wlmont_round16_63 |        107 |        107 |       0 |    0 |   178 |      0 |      0 |          2 |
|             u_round3                |                wlmont_round16_64 |        137 |        137 |       0 |    0 |   146 |      0 |      0 |          2 |
|         u_sub                       |                       mod_sub_57 |        144 |        144 |       0 |    0 |     0 |      0 |      0 |          0 |
|         u_sum_delay                 |                    delay_line_58 |        241 |        176 |       0 |   65 |   130 |      0 |      0 |          0 |
|       u_twiddle_rom                 |                   twiddle_rom_54 |         60 |         60 |       0 |    0 |     0 |      0 |      0 |          0 |
|     g_stage[8].u_stage              |        mdc_stage__parameterized7 |       1746 |       1552 |       0 |  194 |  2016 |      0 |      0 |         20 |
|       (g_stage[8].u_stage)          |        mdc_stage__parameterized7 |         14 |         14 |       0 |    0 |    20 |      0 |      0 |          0 |
|       g_output_reorder.fifo_a_delay |     delay_memory__parameterized7 |        128 |         64 |       0 |   64 |   128 |      0 |      0 |          0 |
|       g_output_reorder.fifo_b_delay |  delay_memory__parameterized7_39 |         64 |          0 |       0 |   64 |   128 |      0 |      0 |          0 |
|       u_butterfly                   |                  gs_butterfly_40 |       1485 |       1419 |       0 |   66 |  1740 |      0 |      0 |         20 |
|         (u_butterfly)               |                  gs_butterfly_40 |          0 |          0 |       0 |    0 |   128 |      0 |      0 |          0 |
|         u_add                       |                       mod_add_42 |        142 |        142 |       0 |    0 |     0 |      0 |      0 |          0 |
|         u_mul                       |               mont_mul_select_43 |        959 |        958 |       0 |    1 |  1482 |      0 |      0 |         20 |
|           (u_mul)                   |               mont_mul_select_43 |        136 |        136 |       0 |    0 |     0 |      0 |      0 |          0 |
|           g_wl.u_mul                |                   mont_mul_wl_46 |        835 |        834 |       0 |    1 |  1482 |      0 |      0 |         20 |
|             (g_wl.u_mul)            |                   mont_mul_wl_46 |         32 |         32 |       0 |    0 |    64 |      0 |      0 |          0 |
|             u_intmul                |            intmul_64x64_24x17_47 |        345 |        344 |       0 |    1 |   643 |      0 |      0 |         12 |
|             u_round0                |                wlmont_round16_48 |        107 |        107 |       0 |    0 |   241 |      0 |      0 |          2 |
|             u_round1                |                wlmont_round16_49 |        107 |        107 |       0 |    0 |   210 |      0 |      0 |          2 |
|             u_round2                |                wlmont_round16_50 |        107 |        107 |       0 |    0 |   178 |      0 |      0 |          2 |
|             u_round3                |                wlmont_round16_51 |        137 |        137 |       0 |    0 |   146 |      0 |      0 |          2 |
|         u_sub                       |                       mod_sub_44 |        144 |        144 |       0 |    0 |     0 |      0 |      0 |          0 |
|         u_sum_delay                 |                    delay_line_45 |        240 |        175 |       0 |   65 |   130 |      0 |      0 |          0 |
|       u_twiddle_rom                 |                   twiddle_rom_41 |         55 |         55 |       0 |    0 |     0 |      0 |      0 |          0 |
|     g_stage[9].u_stage              |        mdc_stage__parameterized8 |       1580 |       1514 |       0 |   66 |  2014 |      0 |      0 |         20 |
|       (g_stage[9].u_stage)          |        mdc_stage__parameterized8 |         13 |         13 |       0 |    0 |    18 |      0 |      0 |          0 |
|       g_output_reorder.fifo_a_delay |     delay_memory__parameterized8 |         64 |         64 |       0 |    0 |   128 |      0 |      0 |          0 |
|       g_output_reorder.fifo_b_delay |  delay_memory__parameterized8_31 |          0 |          0 |       0 |    0 |   128 |      0 |      0 |          0 |
|       u_butterfly                   |                     gs_butterfly |       1485 |       1419 |       0 |   66 |  1740 |      0 |      0 |         20 |
|         (u_butterfly)               |                     gs_butterfly |          0 |          0 |       0 |    0 |   128 |      0 |      0 |          0 |
|         u_add                       |                          mod_add |        142 |        142 |       0 |    0 |     0 |      0 |      0 |          0 |
|         u_mul                       |               mont_mul_select_32 |        960 |        959 |       0 |    1 |  1482 |      0 |      0 |         20 |
|           (u_mul)                   |               mont_mul_select_32 |        136 |        136 |       0 |    0 |     0 |      0 |      0 |          0 |
|           g_wl.u_mul                |                   mont_mul_wl_33 |        836 |        835 |       0 |    1 |  1482 |      0 |      0 |         20 |
|             (g_wl.u_mul)            |                   mont_mul_wl_33 |         32 |         32 |       0 |    0 |    64 |      0 |      0 |          0 |
|             u_intmul                |            intmul_64x64_24x17_34 |        346 |        345 |       0 |    1 |   643 |      0 |      0 |         12 |
|             u_round0                |                wlmont_round16_35 |        107 |        107 |       0 |    0 |   241 |      0 |      0 |          2 |
|             u_round1                |                wlmont_round16_36 |        107 |        107 |       0 |    0 |   210 |      0 |      0 |          2 |
|             u_round2                |                wlmont_round16_37 |        107 |        107 |       0 |    0 |   178 |      0 |      0 |          2 |
|             u_round3                |                wlmont_round16_38 |        137 |        137 |       0 |    0 |   146 |      0 |      0 |          2 |
|         u_sub                       |                          mod_sub |        144 |        144 |       0 |    0 |     0 |      0 |      0 |          0 |
|         u_sum_delay                 |                       delay_line |        239 |        174 |       0 |   65 |   130 |      0 |      0 |          0 |
|       u_twiddle_rom                 |                      twiddle_rom |         18 |         18 |       0 |    0 |     0 |      0 |      0 |          0 |
|     u_intt_scale0                   |               mont_mul_select_17 |        923 |        922 |       0 |    1 |  1482 |      0 |      0 |         20 |
|       (u_intt_scale0)               |               mont_mul_select_17 |        136 |        136 |       0 |    0 |     0 |      0 |      0 |          0 |
|       g_wl.u_mul                    |                   mont_mul_wl_25 |        799 |        798 |       0 |    1 |  1482 |      0 |      0 |         20 |
|         (g_wl.u_mul)                |                   mont_mul_wl_25 |          0 |          0 |       0 |    0 |    64 |      0 |      0 |          0 |
|         u_intmul                    |            intmul_64x64_24x17_26 |        341 |        340 |       0 |    1 |   643 |      0 |      0 |         12 |
|         u_round0                    |                wlmont_round16_27 |        107 |        107 |       0 |    0 |   241 |      0 |      0 |          2 |
|         u_round1                    |                wlmont_round16_28 |        107 |        107 |       0 |    0 |   210 |      0 |      0 |          2 |
|         u_round2                    |                wlmont_round16_29 |        107 |        107 |       0 |    0 |   178 |      0 |      0 |          2 |
|         u_round3                    |                wlmont_round16_30 |        137 |        137 |       0 |    0 |   146 |      0 |      0 |          2 |
|     u_intt_scale1                   |               mont_mul_select_18 |        923 |        922 |       0 |    1 |  1482 |      0 |      0 |         20 |
|       (u_intt_scale1)               |               mont_mul_select_18 |        136 |        136 |       0 |    0 |     0 |      0 |      0 |          0 |
|       g_wl.u_mul                    |                   mont_mul_wl_19 |        799 |        798 |       0 |    1 |  1482 |      0 |      0 |         20 |
|         (g_wl.u_mul)                |                   mont_mul_wl_19 |          0 |          0 |       0 |    0 |    64 |      0 |      0 |          0 |
|         u_intmul                    |            intmul_64x64_24x17_20 |        341 |        340 |       0 |    1 |   643 |      0 |      0 |         12 |
|         u_round0                    |                wlmont_round16_21 |        107 |        107 |       0 |    0 |   241 |      0 |      0 |          2 |
|         u_round1                    |                wlmont_round16_22 |        107 |        107 |       0 |    0 |   210 |      0 |      0 |          2 |
|         u_round2                    |                wlmont_round16_23 |        107 |        107 |       0 |    0 |   178 |      0 |      0 |          2 |
|         u_round3                    |                wlmont_round16_24 |        137 |        137 |       0 |    0 |   146 |      0 |      0 |          2 |
|     u_ntt_output_delay              |       delay_line__parameterized0 |        359 |        230 |       0 |  129 |   258 |      0 |      0 |          0 |
|   u_mul0                            |                    pointwise_mul |       1224 |       1096 |       0 |  128 |  1153 |      0 |      0 |         26 |
|     u_mul                           |                      mont_mul_16 |       1224 |       1096 |       0 |  128 |  1153 |      0 |      0 |         26 |
|   u_mul1                            |                  pointwise_mul_0 |       1511 |       1382 |       0 |  129 |  1155 |      0 |      0 |         26 |
|     u_mul                           |                      mont_mul_15 |       1511 |       1382 |       0 |  129 |  1155 |      0 |      0 |         26 |
|   u_post_addr_delay                 |       delay_line__parameterized2 |        272 |        261 |       0 |   11 |   213 |      0 |      0 |          0 |
|   u_post_mul0                       |                         mont_mul |       1102 |        973 |       0 |  129 |  1155 |      0 |      0 |         26 |
|   u_post_mul1                       |                       mont_mul_1 |       1096 |        968 |       0 |  128 |  1153 |      0 |      0 |         26 |
|   u_pre_mul0                        |                  mont_mul_select |       2076 |       2075 |       0 |    1 |  1482 |      0 |      0 |         20 |
|     g_wl.u_mul                      |                    mont_mul_wl_9 |       2076 |       2075 |       0 |    1 |  1482 |      0 |      0 |         20 |
|       (g_wl.u_mul)                  |                    mont_mul_wl_9 |         64 |         64 |       0 |    0 |    64 |      0 |      0 |          0 |
|       u_intmul                      |            intmul_64x64_24x17_10 |       1433 |       1432 |       0 |    1 |   643 |      0 |      0 |         12 |
|       u_round0                      |                wlmont_round16_11 |        126 |        126 |       0 |    0 |   241 |      0 |      0 |          2 |
|       u_round1                      |                wlmont_round16_12 |        126 |        126 |       0 |    0 |   210 |      0 |      0 |          2 |
|       u_round2                      |                wlmont_round16_13 |        126 |        126 |       0 |    0 |   178 |      0 |      0 |          2 |
|       u_round3                      |                wlmont_round16_14 |        205 |        205 |       0 |    0 |   146 |      0 |      0 |          2 |
|   u_pre_mul1                        |                mont_mul_select_2 |       2079 |       2077 |       0 |    2 |  1484 |      0 |      0 |         20 |
|     g_wl.u_mul                      |                      mont_mul_wl |       2079 |       2077 |       0 |    2 |  1484 |      0 |      0 |         20 |
|       (g_wl.u_mul)                  |                      mont_mul_wl |         68 |         67 |       0 |    1 |    66 |      0 |      0 |          0 |
|       u_intmul                      |               intmul_64x64_24x17 |       1432 |       1431 |       0 |    1 |   643 |      0 |      0 |         12 |
|       u_round0                      |                   wlmont_round16 |        126 |        126 |       0 |    0 |   241 |      0 |      0 |          2 |
|       u_round1                      |                 wlmont_round16_6 |        126 |        126 |       0 |    0 |   210 |      0 |      0 |          2 |
|       u_round2                      |                 wlmont_round16_7 |        126 |        126 |       0 |    0 |   178 |      0 |      0 |          2 |
|       u_round3                      |                 wlmont_round16_8 |        205 |        205 |       0 |    0 |   146 |      0 |      0 |          2 |
|   u_psi_fwd0                        |                          psi_rom |       2160 |       2160 |       0 |    0 |     0 |      0 |      0 |          0 |
|   u_psi_fwd1                        |                        psi_rom_3 |       2160 |       2160 |       0 |    0 |     0 |      0 |      0 |          0 |
|   u_psi_inv0                        |                        psi_rom_4 |       2160 |       2160 |       0 |    0 |     0 |      0 |      0 |          0 |
|   u_psi_inv1                        |                        psi_rom_5 |       2160 |       2160 |       0 |    0 |     0 |      0 |      0 |          0 |
+-------------------------------------+----------------------------------+------------+------------+---------+------+-------+--------+--------+------------+


