Copyright 1986-2022 Xilinx, Inc. All Rights Reserved.
--------------------------------------------------------------------------------------------------------------------
| Tool Version : Vivado v.2022.2 (win64) Build 3671981 Fri Oct 14 05:00:03 MDT 2022
| Date         : Tue Jun 30 17:20:15 2026
| Host         : LAPTOP-G40ALRVF running 64-bit major release  (build 9200)
| Command      : report_utilization -hierarchical -file D:/MDC-NTT/reports/utilization_poly_mul_top_stageC_hier.rpt
| Design       : poly_mul_top
| Device       : xc7a200tsbg484-1
| Speed File   : -1
| Design State : Synthesized
--------------------------------------------------------------------------------------------------------------------

Utilization Design Information

Table of Contents
-----------------
1. Utilization by Hierarchy

1. Utilization by Hierarchy
---------------------------

+-------------------------------------+----------------------------------+------------+------------+---------+------+-------+--------+--------+------------+
|               Instance              |              Module              | Total LUTs | Logic LUTs | LUTRAMs | SRLs |  FFs  | RAMB36 | RAMB18 | DSP Blocks |
+-------------------------------------+----------------------------------+------------+------------+---------+------+-------+--------+--------+------------+
| poly_mul_top                        |                            (top) |      77857 |      49780 |   26112 | 1965 | 35498 |     10 |      0 |        412 |
|   (poly_mul_top)                    |                            (top) |      27463 |       1351 |   26112 |    0 |   394 |      0 |      0 |          0 |
|   u_core                            |                      gs_mdc_core |      32805 |      31114 |       0 | 1691 | 26634 |     10 |      0 |        280 |
|     (u_core)                        |                      gs_mdc_core |        775 |        775 |       0 |    0 |    96 |      0 |      0 |          0 |
|     g_stage[0].u_stage              |                        mdc_stage |       7186 |       7120 |       0 |   66 |  2015 |      4 |      0 |         20 |
|       (g_stage[0].u_stage)          |                        mdc_stage |        253 |        253 |       0 |    0 |   255 |      0 |      0 |          0 |
|       g_output_reorder.fifo_a_delay |                     delay_memory |         10 |         10 |       0 |    0 |    10 |      2 |      0 |          0 |
|       g_output_reorder.fifo_b_delay |                 delay_memory_179 |         10 |         10 |       0 |    0 |    10 |      2 |      0 |          0 |
|       u_butterfly                   |                 gs_butterfly_180 |       3073 |       3007 |       0 |   66 |  1740 |      0 |      0 |         20 |
|         (u_butterfly)               |                 gs_butterfly_180 |       1024 |       1024 |       0 |    0 |   128 |      0 |      0 |          0 |
|         u_add                       |                      mod_add_182 |        142 |        142 |       0 |    0 |     0 |      0 |      0 |          0 |
|         u_mul                       |              mont_mul_select_183 |       1531 |       1530 |       0 |    1 |  1482 |      0 |      0 |         20 |
|           (u_mul)                   |              mont_mul_select_183 |        136 |        136 |       0 |    0 |     0 |      0 |      0 |          0 |
|           g_wl.u_mul                |                  mont_mul_wl_186 |       1407 |       1406 |       0 |    1 |  1482 |      0 |      0 |         20 |
|             (g_wl.u_mul)            |                  mont_mul_wl_186 |         64 |         64 |       0 |    0 |    64 |      0 |      0 |          0 |
|             u_intmul                |           intmul_64x64_24x17_187 |        885 |        884 |       0 |    1 |   643 |      0 |      0 |         12 |
|             u_round0                |               wlmont_round16_188 |        107 |        107 |       0 |    0 |   241 |      0 |      0 |          2 |
|             u_round1                |               wlmont_round16_189 |        107 |        107 |       0 |    0 |   210 |      0 |      0 |          2 |
|             u_round2                |               wlmont_round16_190 |        107 |        107 |       0 |    0 |   178 |      0 |      0 |          2 |
|             u_round3                |               wlmont_round16_191 |        137 |        137 |       0 |    0 |   146 |      0 |      0 |          2 |
|         u_sub                       |                      mod_sub_184 |        144 |        144 |       0 |    0 |     0 |      0 |      0 |          0 |
|         u_sum_delay                 |                   delay_line_185 |        232 |        167 |       0 |   65 |   130 |      0 |      0 |          0 |
|       u_twiddle_rom                 |                  twiddle_rom_181 |       3840 |       3840 |       0 |    0 |     0 |      0 |      0 |          0 |
|     g_stage[10].u_stage             |        mdc_stage__parameterized9 |       1566 |       1500 |       0 |   66 |  1885 |      0 |      0 |         20 |
|       (g_stage[10].u_stage)         |        mdc_stage__parameterized9 |         12 |         12 |       0 |    0 |    17 |      0 |      0 |          0 |
|       g_output_reorder.fifo_a_delay |     delay_memory__parameterized9 |         64 |         64 |       0 |    0 |    64 |      0 |      0 |          0 |
|       g_output_reorder.fifo_b_delay | delay_memory__parameterized9_166 |          0 |          0 |       0 |    0 |    64 |      0 |      0 |          0 |
|       u_butterfly                   |                 gs_butterfly_167 |       1487 |       1421 |       0 |   66 |  1740 |      0 |      0 |         20 |
|         (u_butterfly)               |                 gs_butterfly_167 |          0 |          0 |       0 |    0 |   128 |      0 |      0 |          0 |
|         u_add                       |                      mod_add_169 |        142 |        142 |       0 |    0 |     0 |      0 |      0 |          0 |
|         u_mul                       |              mont_mul_select_170 |        963 |        962 |       0 |    1 |  1482 |      0 |      0 |         20 |
|           (u_mul)                   |              mont_mul_select_170 |        136 |        136 |       0 |    0 |     0 |      0 |      0 |          0 |
|           g_wl.u_mul                |                  mont_mul_wl_173 |        839 |        838 |       0 |    1 |  1482 |      0 |      0 |         20 |
|             (g_wl.u_mul)            |                  mont_mul_wl_173 |         33 |         33 |       0 |    0 |    64 |      0 |      0 |          0 |
|             u_intmul                |           intmul_64x64_24x17_174 |        348 |        347 |       0 |    1 |   643 |      0 |      0 |         12 |
|             u_round0                |               wlmont_round16_175 |        107 |        107 |       0 |    0 |   241 |      0 |      0 |          2 |
|             u_round1                |               wlmont_round16_176 |        107 |        107 |       0 |    0 |   210 |      0 |      0 |          2 |
|             u_round2                |               wlmont_round16_177 |        107 |        107 |       0 |    0 |   178 |      0 |      0 |          2 |
|             u_round3                |               wlmont_round16_178 |        137 |        137 |       0 |    0 |   146 |      0 |      0 |          2 |
|         u_sub                       |                      mod_sub_171 |        144 |        144 |       0 |    0 |     0 |      0 |      0 |          0 |
|         u_sum_delay                 |                   delay_line_172 |        238 |        173 |       0 |   65 |   130 |      0 |      0 |          0 |
|       u_twiddle_rom                 |                  twiddle_rom_168 |          3 |          3 |       0 |    0 |     0 |      0 |      0 |          0 |
|     g_stage[11].u_stage             |       mdc_stage__parameterized10 |       1283 |       1217 |       0 |   66 |  1740 |      0 |      0 |         20 |
|       u_butterfly                   |                 gs_butterfly_155 |       1283 |       1217 |       0 |   66 |  1740 |      0 |      0 |         20 |
|         (u_butterfly)               |                 gs_butterfly_155 |          0 |          0 |       0 |    0 |   128 |      0 |      0 |          0 |
|         u_add                       |                      mod_add_156 |        142 |        142 |       0 |    0 |     0 |      0 |      0 |          0 |
|         u_mul                       |              mont_mul_select_157 |        927 |        926 |       0 |    1 |  1482 |      0 |      0 |         20 |
|           (u_mul)                   |              mont_mul_select_157 |        136 |        136 |       0 |    0 |     0 |      0 |      0 |          0 |
|           g_wl.u_mul                |                  mont_mul_wl_160 |        803 |        802 |       0 |    1 |  1482 |      0 |      0 |         20 |
|             (g_wl.u_mul)            |                  mont_mul_wl_160 |          0 |          0 |       0 |    0 |    64 |      0 |      0 |          0 |
|             u_intmul                |           intmul_64x64_24x17_161 |        345 |        344 |       0 |    1 |   643 |      0 |      0 |         12 |
|             u_round0                |               wlmont_round16_162 |        107 |        107 |       0 |    0 |   241 |      0 |      0 |          2 |
|             u_round1                |               wlmont_round16_163 |        107 |        107 |       0 |    0 |   210 |      0 |      0 |          2 |
|             u_round2                |               wlmont_round16_164 |        107 |        107 |       0 |    0 |   178 |      0 |      0 |          2 |
|             u_round3                |               wlmont_round16_165 |        137 |        137 |       0 |    0 |   146 |      0 |      0 |          2 |
|         u_sub                       |                      mod_sub_158 |        144 |        144 |       0 |    0 |     0 |      0 |      0 |          0 |
|         u_sum_delay                 |                   delay_line_159 |         70 |          5 |       0 |   65 |   130 |      0 |      0 |          0 |
|     g_stage[1].u_stage              |        mdc_stage__parameterized0 |       3922 |       3856 |       0 |   66 |  1907 |      2 |      0 |         20 |
|       (g_stage[1].u_stage)          |        mdc_stage__parameterized0 |        144 |        144 |       0 |    0 |   149 |      0 |      0 |          0 |
|       g_output_reorder.fifo_a_delay |     delay_memory__parameterized0 |          9 |          9 |       0 |    0 |     9 |      1 |      0 |          0 |
|       g_output_reorder.fifo_b_delay | delay_memory__parameterized0_142 |          9 |          9 |       0 |    0 |     9 |      1 |      0 |          0 |
|       u_butterfly                   |                 gs_butterfly_143 |       1840 |       1774 |       0 |   66 |  1740 |      0 |      0 |         20 |
|         (u_butterfly)               |                 gs_butterfly_143 |          0 |          0 |       0 |    0 |   128 |      0 |      0 |          0 |
|         u_add                       |                      mod_add_145 |        142 |        142 |       0 |    0 |     0 |      0 |      0 |          0 |
|         u_mul                       |              mont_mul_select_146 |       1291 |       1290 |       0 |    1 |  1482 |      0 |      0 |         20 |
|           (u_mul)                   |              mont_mul_select_146 |        136 |        136 |       0 |    0 |     0 |      0 |      0 |          0 |
|           g_wl.u_mul                |                  mont_mul_wl_149 |       1167 |       1166 |       0 |    1 |  1482 |      0 |      0 |         20 |
|             (g_wl.u_mul)            |                  mont_mul_wl_149 |         64 |         64 |       0 |    0 |    64 |      0 |      0 |          0 |
|             u_intmul                |           intmul_64x64_24x17_150 |        645 |        644 |       0 |    1 |   643 |      0 |      0 |         12 |
|             u_round0                |               wlmont_round16_151 |        107 |        107 |       0 |    0 |   241 |      0 |      0 |          2 |
|             u_round1                |               wlmont_round16_152 |        107 |        107 |       0 |    0 |   210 |      0 |      0 |          2 |
|             u_round2                |               wlmont_round16_153 |        107 |        107 |       0 |    0 |   178 |      0 |      0 |          2 |
|             u_round3                |               wlmont_round16_154 |        137 |        137 |       0 |    0 |   146 |      0 |      0 |          2 |
|         u_sub                       |                      mod_sub_147 |        144 |        144 |       0 |    0 |     0 |      0 |      0 |          0 |
|         u_sum_delay                 |                   delay_line_148 |        263 |        198 |       0 |   65 |   130 |      0 |      0 |          0 |
|       u_twiddle_rom                 |                  twiddle_rom_144 |       1920 |       1920 |       0 |    0 |     0 |      0 |      0 |          0 |
|     g_stage[2].u_stage              |        mdc_stage__parameterized1 |       2781 |       2715 |       0 |   66 |  1844 |      2 |      0 |         20 |
|       (g_stage[2].u_stage)          |        mdc_stage__parameterized1 |         84 |         84 |       0 |    0 |    88 |      0 |      0 |          0 |
|       g_output_reorder.fifo_a_delay |     delay_memory__parameterized1 |         71 |         71 |       0 |    0 |     8 |      1 |      0 |          0 |
|       g_output_reorder.fifo_b_delay | delay_memory__parameterized1_129 |          7 |          7 |       0 |    0 |     8 |      1 |      0 |          0 |
|       u_butterfly                   |                 gs_butterfly_130 |       1659 |       1593 |       0 |   66 |  1740 |      0 |      0 |         20 |
|         (u_butterfly)               |                 gs_butterfly_130 |          0 |          0 |       0 |    0 |   128 |      0 |      0 |          0 |
|         u_add                       |                      mod_add_132 |        142 |        142 |       0 |    0 |     0 |      0 |      0 |          0 |
|         u_mul                       |              mont_mul_select_133 |       1171 |       1170 |       0 |    1 |  1482 |      0 |      0 |         20 |
|           (u_mul)                   |              mont_mul_select_133 |        136 |        136 |       0 |    0 |     0 |      0 |      0 |          0 |
|           g_wl.u_mul                |                  mont_mul_wl_136 |       1047 |       1046 |       0 |    1 |  1482 |      0 |      0 |         20 |
|             (g_wl.u_mul)            |                  mont_mul_wl_136 |         64 |         64 |       0 |    0 |    64 |      0 |      0 |          0 |
|             u_intmul                |           intmul_64x64_24x17_137 |        525 |        524 |       0 |    1 |   643 |      0 |      0 |         12 |
|             u_round0                |               wlmont_round16_138 |        107 |        107 |       0 |    0 |   241 |      0 |      0 |          2 |
|             u_round1                |               wlmont_round16_139 |        107 |        107 |       0 |    0 |   210 |      0 |      0 |          2 |
|             u_round2                |               wlmont_round16_140 |        107 |        107 |       0 |    0 |   178 |      0 |      0 |          2 |
|             u_round3                |               wlmont_round16_141 |        137 |        137 |       0 |    0 |   146 |      0 |      0 |          2 |
|         u_sub                       |                      mod_sub_134 |        144 |        144 |       0 |    0 |     0 |      0 |      0 |          0 |
|         u_sum_delay                 |                   delay_line_135 |        202 |        137 |       0 |   65 |   130 |      0 |      0 |          0 |
|       u_twiddle_rom                 |                  twiddle_rom_131 |        960 |        960 |       0 |    0 |     0 |      0 |      0 |          0 |
|     g_stage[3].u_stage              |        mdc_stage__parameterized2 |       2233 |       2167 |       0 |   66 |  1804 |      2 |      0 |         20 |
|       (g_stage[3].u_stage)          |        mdc_stage__parameterized2 |         47 |         47 |       0 |    0 |    50 |      0 |      0 |          0 |
|       g_output_reorder.fifo_a_delay |     delay_memory__parameterized2 |         71 |         71 |       0 |    0 |     7 |      1 |      0 |          0 |
|       g_output_reorder.fifo_b_delay | delay_memory__parameterized2_116 |          7 |          7 |       0 |    0 |     7 |      1 |      0 |          0 |
|       u_butterfly                   |                 gs_butterfly_117 |       1628 |       1562 |       0 |   66 |  1740 |      0 |      0 |         20 |
|         (u_butterfly)               |                 gs_butterfly_117 |          0 |          0 |       0 |    0 |   128 |      0 |      0 |          0 |
|         u_add                       |                      mod_add_119 |        142 |        142 |       0 |    0 |     0 |      0 |      0 |          0 |
|         u_mul                       |              mont_mul_select_120 |       1171 |       1170 |       0 |    1 |  1482 |      0 |      0 |         20 |
|           (u_mul)                   |              mont_mul_select_120 |        136 |        136 |       0 |    0 |     0 |      0 |      0 |          0 |
|           g_wl.u_mul                |                  mont_mul_wl_123 |       1047 |       1046 |       0 |    1 |  1482 |      0 |      0 |         20 |
|             (g_wl.u_mul)            |                  mont_mul_wl_123 |         64 |         64 |       0 |    0 |    64 |      0 |      0 |          0 |
|             u_intmul                |           intmul_64x64_24x17_124 |        525 |        524 |       0 |    1 |   643 |      0 |      0 |         12 |
|             u_round0                |               wlmont_round16_125 |        107 |        107 |       0 |    0 |   241 |      0 |      0 |          2 |
|             u_round1                |               wlmont_round16_126 |        107 |        107 |       0 |    0 |   210 |      0 |      0 |          2 |
|             u_round2                |               wlmont_round16_127 |        107 |        107 |       0 |    0 |   178 |      0 |      0 |          2 |
|             u_round3                |               wlmont_round16_128 |        137 |        137 |       0 |    0 |   146 |      0 |      0 |          2 |
|         u_sub                       |                      mod_sub_121 |        144 |        144 |       0 |    0 |     0 |      0 |      0 |          0 |
|         u_sum_delay                 |                   delay_line_122 |        171 |        106 |       0 |   65 |   130 |      0 |      0 |          0 |
|       u_twiddle_rom                 |                  twiddle_rom_118 |        480 |        480 |       0 |    0 |     0 |      0 |      0 |          0 |
|     g_stage[4].u_stage              |        mdc_stage__parameterized3 |       2098 |       1776 |       0 |  322 |  2035 |      0 |      0 |         20 |
|       (g_stage[4].u_stage)          |        mdc_stage__parameterized3 |         33 |         33 |       0 |    0 |    39 |      0 |      0 |          0 |
|       g_output_reorder.fifo_a_delay |     delay_memory__parameterized3 |        192 |         64 |       0 |  128 |   128 |      0 |      0 |          0 |
|       g_output_reorder.fifo_b_delay | delay_memory__parameterized3_103 |        128 |          0 |       0 |  128 |   128 |      0 |      0 |          0 |
|       u_butterfly                   |                 gs_butterfly_104 |       1505 |       1439 |       0 |   66 |  1740 |      0 |      0 |         20 |
|         (u_butterfly)               |                 gs_butterfly_104 |          0 |          0 |       0 |    0 |   128 |      0 |      0 |          0 |
|         u_add                       |                      mod_add_106 |        142 |        142 |       0 |    0 |     0 |      0 |      0 |          0 |
|         u_mul                       |              mont_mul_select_107 |       1019 |       1018 |       0 |    1 |  1482 |      0 |      0 |         20 |
|           (u_mul)                   |              mont_mul_select_107 |        136 |        136 |       0 |    0 |     0 |      0 |      0 |          0 |
|           g_wl.u_mul                |                  mont_mul_wl_110 |        895 |        894 |       0 |    1 |  1482 |      0 |      0 |         20 |
|             (g_wl.u_mul)            |                  mont_mul_wl_110 |         32 |         32 |       0 |    0 |    64 |      0 |      0 |          0 |
|             u_intmul                |           intmul_64x64_24x17_111 |        405 |        404 |       0 |    1 |   643 |      0 |      0 |         12 |
|             u_round0                |               wlmont_round16_112 |        107 |        107 |       0 |    0 |   241 |      0 |      0 |          2 |
|             u_round1                |               wlmont_round16_113 |        107 |        107 |       0 |    0 |   210 |      0 |      0 |          2 |
|             u_round2                |               wlmont_round16_114 |        107 |        107 |       0 |    0 |   178 |      0 |      0 |          2 |
|             u_round3                |               wlmont_round16_115 |        137 |        137 |       0 |    0 |   146 |      0 |      0 |          2 |
|         u_sub                       |                      mod_sub_108 |        144 |        144 |       0 |    0 |     0 |      0 |      0 |          0 |
|         u_sum_delay                 |                   delay_line_109 |        200 |        135 |       0 |   65 |   130 |      0 |      0 |          0 |
|       u_twiddle_rom                 |                  twiddle_rom_105 |        240 |        240 |       0 |    0 |     0 |      0 |      0 |          0 |
|     g_stage[5].u_stage              |        mdc_stage__parameterized4 |       1836 |       1642 |       0 |  194 |  2020 |      0 |      0 |         20 |
|       (g_stage[5].u_stage)          |        mdc_stage__parameterized4 |         19 |         19 |       0 |    0 |    24 |      0 |      0 |          0 |
|       g_output_reorder.fifo_a_delay |     delay_memory__parameterized4 |        128 |         64 |       0 |   64 |   128 |      0 |      0 |          0 |
|       g_output_reorder.fifo_b_delay |  delay_memory__parameterized4_90 |         64 |          0 |       0 |   64 |   128 |      0 |      0 |          0 |
|       u_butterfly                   |                  gs_butterfly_91 |       1505 |       1439 |       0 |   66 |  1740 |      0 |      0 |         20 |
|         (u_butterfly)               |                  gs_butterfly_91 |          0 |          0 |       0 |    0 |   128 |      0 |      0 |          0 |
|         u_add                       |                       mod_add_93 |        142 |        142 |       0 |    0 |     0 |      0 |      0 |          0 |
|         u_mul                       |               mont_mul_select_94 |       1019 |       1018 |       0 |    1 |  1482 |      0 |      0 |         20 |
|           (u_mul)                   |               mont_mul_select_94 |        136 |        136 |       0 |    0 |     0 |      0 |      0 |          0 |
|           g_wl.u_mul                |                   mont_mul_wl_97 |        895 |        894 |       0 |    1 |  1482 |      0 |      0 |         20 |
|             (g_wl.u_mul)            |                   mont_mul_wl_97 |         32 |         32 |       0 |    0 |    64 |      0 |      0 |          0 |
|             u_intmul                |            intmul_64x64_24x17_98 |        405 |        404 |       0 |    1 |   643 |      0 |      0 |         12 |
|             u_round0                |                wlmont_round16_99 |        107 |        107 |       0 |    0 |   241 |      0 |      0 |          2 |
|             u_round1                |               wlmont_round16_100 |        107 |        107 |       0 |    0 |   210 |      0 |      0 |          2 |
|             u_round2                |               wlmont_round16_101 |        107 |        107 |       0 |    0 |   178 |      0 |      0 |          2 |
|             u_round3                |               wlmont_round16_102 |        137 |        137 |       0 |    0 |   146 |      0 |      0 |          2 |
|         u_sub                       |                       mod_sub_95 |        144 |        144 |       0 |    0 |     0 |      0 |      0 |          0 |
|         u_sum_delay                 |                    delay_line_96 |        200 |        135 |       0 |   65 |   130 |      0 |      0 |          0 |
|       u_twiddle_rom                 |                   twiddle_rom_92 |        120 |        120 |       0 |    0 |     0 |      0 |      0 |          0 |
|     g_stage[6].u_stage              |        mdc_stage__parameterized5 |       1774 |       1580 |       0 |  194 |  2018 |      0 |      0 |         20 |
|       (g_stage[6].u_stage)          |        mdc_stage__parameterized5 |         17 |         17 |       0 |    0 |    22 |      0 |      0 |          0 |
|       g_output_reorder.fifo_a_delay |     delay_memory__parameterized5 |        128 |         64 |       0 |   64 |   128 |      0 |      0 |          0 |
|       g_output_reorder.fifo_b_delay |  delay_memory__parameterized5_77 |         64 |          0 |       0 |   64 |   128 |      0 |      0 |          0 |
|       u_butterfly                   |                  gs_butterfly_78 |       1505 |       1439 |       0 |   66 |  1740 |      0 |      0 |         20 |
|         (u_butterfly)               |                  gs_butterfly_78 |          0 |          0 |       0 |    0 |   128 |      0 |      0 |          0 |
|         u_add                       |                       mod_add_80 |        142 |        142 |       0 |    0 |     0 |      0 |      0 |          0 |
|         u_mul                       |               mont_mul_select_81 |       1019 |       1018 |       0 |    1 |  1482 |      0 |      0 |         20 |
|           (u_mul)                   |               mont_mul_select_81 |        136 |        136 |       0 |    0 |     0 |      0 |      0 |          0 |
|           g_wl.u_mul                |                   mont_mul_wl_84 |        895 |        894 |       0 |    1 |  1482 |      0 |      0 |         20 |
|             (g_wl.u_mul)            |                   mont_mul_wl_84 |         32 |         32 |       0 |    0 |    64 |      0 |      0 |          0 |
|             u_intmul                |            intmul_64x64_24x17_85 |        405 |        404 |       0 |    1 |   643 |      0 |      0 |         12 |
|             u_round0                |                wlmont_round16_86 |        107 |        107 |       0 |    0 |   241 |      0 |      0 |          2 |
|             u_round1                |                wlmont_round16_87 |        107 |        107 |       0 |    0 |   210 |      0 |      0 |          2 |
|             u_round2                |                wlmont_round16_88 |        107 |        107 |       0 |    0 |   178 |      0 |      0 |          2 |
|             u_round3                |                wlmont_round16_89 |        137 |        137 |       0 |    0 |   146 |      0 |      0 |          2 |
|         u_sub                       |                       mod_sub_82 |        144 |        144 |       0 |    0 |     0 |      0 |      0 |          0 |
|         u_sum_delay                 |                    delay_line_83 |        200 |        135 |       0 |   65 |   130 |      0 |      0 |          0 |
|       u_twiddle_rom                 |                   twiddle_rom_79 |         60 |         60 |       0 |    0 |     0 |      0 |      0 |          0 |
|     g_stage[7].u_stage              |        mdc_stage__parameterized6 |       1812 |       1618 |       0 |  194 |  2018 |      0 |      0 |         20 |
|       (g_stage[7].u_stage)          |        mdc_stage__parameterized6 |         15 |         15 |       0 |    0 |    22 |      0 |      0 |          0 |
|       g_output_reorder.fifo_a_delay |     delay_memory__parameterized6 |        128 |         64 |       0 |   64 |   128 |      0 |      0 |          0 |
|       g_output_reorder.fifo_b_delay |  delay_memory__parameterized6_64 |         64 |          0 |       0 |   64 |   128 |      0 |      0 |          0 |
|       u_butterfly                   |                  gs_butterfly_65 |       1545 |       1479 |       0 |   66 |  1740 |      0 |      0 |         20 |
|         (u_butterfly)               |                  gs_butterfly_65 |          0 |          0 |       0 |    0 |   128 |      0 |      0 |          0 |
|         u_add                       |                       mod_add_67 |        142 |        142 |       0 |    0 |     0 |      0 |      0 |          0 |
|         u_mul                       |               mont_mul_select_68 |       1018 |       1017 |       0 |    1 |  1482 |      0 |      0 |         20 |
|           (u_mul)                   |               mont_mul_select_68 |        136 |        136 |       0 |    0 |     0 |      0 |      0 |          0 |
|           g_wl.u_mul                |                   mont_mul_wl_71 |        894 |        893 |       0 |    1 |  1482 |      0 |      0 |         20 |
|             (g_wl.u_mul)            |                   mont_mul_wl_71 |         32 |         32 |       0 |    0 |    64 |      0 |      0 |          0 |
|             u_intmul                |            intmul_64x64_24x17_72 |        404 |        403 |       0 |    1 |   643 |      0 |      0 |         12 |
|             u_round0                |                wlmont_round16_73 |        107 |        107 |       0 |    0 |   241 |      0 |      0 |          2 |
|             u_round1                |                wlmont_round16_74 |        107 |        107 |       0 |    0 |   210 |      0 |      0 |          2 |
|             u_round2                |                wlmont_round16_75 |        107 |        107 |       0 |    0 |   178 |      0 |      0 |          2 |
|             u_round3                |                wlmont_round16_76 |        137 |        137 |       0 |    0 |   146 |      0 |      0 |          2 |
|         u_sub                       |                       mod_sub_69 |        144 |        144 |       0 |    0 |     0 |      0 |      0 |          0 |
|         u_sum_delay                 |                    delay_line_70 |        241 |        176 |       0 |   65 |   130 |      0 |      0 |          0 |
|       u_twiddle_rom                 |                   twiddle_rom_66 |         60 |         60 |       0 |    0 |     0 |      0 |      0 |          0 |
|     g_stage[8].u_stage              |        mdc_stage__parameterized7 |       1746 |       1552 |       0 |  194 |  2016 |      0 |      0 |         20 |
|       (g_stage[8].u_stage)          |        mdc_stage__parameterized7 |         14 |         14 |       0 |    0 |    20 |      0 |      0 |          0 |
|       g_output_reorder.fifo_a_delay |     delay_memory__parameterized7 |        128 |         64 |       0 |   64 |   128 |      0 |      0 |          0 |
|       g_output_reorder.fifo_b_delay |  delay_memory__parameterized7_51 |         64 |          0 |       0 |   64 |   128 |      0 |      0 |          0 |
|       u_butterfly                   |                  gs_butterfly_52 |       1485 |       1419 |       0 |   66 |  1740 |      0 |      0 |         20 |
|         (u_butterfly)               |                  gs_butterfly_52 |          0 |          0 |       0 |    0 |   128 |      0 |      0 |          0 |
|         u_add                       |                       mod_add_54 |        142 |        142 |       0 |    0 |     0 |      0 |      0 |          0 |
|         u_mul                       |               mont_mul_select_55 |        959 |        958 |       0 |    1 |  1482 |      0 |      0 |         20 |
|           (u_mul)                   |               mont_mul_select_55 |        136 |        136 |       0 |    0 |     0 |      0 |      0 |          0 |
|           g_wl.u_mul                |                   mont_mul_wl_58 |        835 |        834 |       0 |    1 |  1482 |      0 |      0 |         20 |
|             (g_wl.u_mul)            |                   mont_mul_wl_58 |         32 |         32 |       0 |    0 |    64 |      0 |      0 |          0 |
|             u_intmul                |            intmul_64x64_24x17_59 |        345 |        344 |       0 |    1 |   643 |      0 |      0 |         12 |
|             u_round0                |                wlmont_round16_60 |        107 |        107 |       0 |    0 |   241 |      0 |      0 |          2 |
|             u_round1                |                wlmont_round16_61 |        107 |        107 |       0 |    0 |   210 |      0 |      0 |          2 |
|             u_round2                |                wlmont_round16_62 |        107 |        107 |       0 |    0 |   178 |      0 |      0 |          2 |
|             u_round3                |                wlmont_round16_63 |        137 |        137 |       0 |    0 |   146 |      0 |      0 |          2 |
|         u_sub                       |                       mod_sub_56 |        144 |        144 |       0 |    0 |     0 |      0 |      0 |          0 |
|         u_sum_delay                 |                    delay_line_57 |        240 |        175 |       0 |   65 |   130 |      0 |      0 |          0 |
|       u_twiddle_rom                 |                   twiddle_rom_53 |         55 |         55 |       0 |    0 |     0 |      0 |      0 |          0 |
|     g_stage[9].u_stage              |        mdc_stage__parameterized8 |       1580 |       1514 |       0 |   66 |  2014 |      0 |      0 |         20 |
|       (g_stage[9].u_stage)          |        mdc_stage__parameterized8 |         13 |         13 |       0 |    0 |    18 |      0 |      0 |          0 |
|       g_output_reorder.fifo_a_delay |     delay_memory__parameterized8 |         64 |         64 |       0 |    0 |   128 |      0 |      0 |          0 |
|       g_output_reorder.fifo_b_delay |  delay_memory__parameterized8_43 |          0 |          0 |       0 |    0 |   128 |      0 |      0 |          0 |
|       u_butterfly                   |                     gs_butterfly |       1485 |       1419 |       0 |   66 |  1740 |      0 |      0 |         20 |
|         (u_butterfly)               |                     gs_butterfly |          0 |          0 |       0 |    0 |   128 |      0 |      0 |          0 |
|         u_add                       |                          mod_add |        142 |        142 |       0 |    0 |     0 |      0 |      0 |          0 |
|         u_mul                       |               mont_mul_select_44 |        960 |        959 |       0 |    1 |  1482 |      0 |      0 |         20 |
|           (u_mul)                   |               mont_mul_select_44 |        136 |        136 |       0 |    0 |     0 |      0 |      0 |          0 |
|           g_wl.u_mul                |                   mont_mul_wl_45 |        836 |        835 |       0 |    1 |  1482 |      0 |      0 |         20 |
|             (g_wl.u_mul)            |                   mont_mul_wl_45 |         32 |         32 |       0 |    0 |    64 |      0 |      0 |          0 |
|             u_intmul                |            intmul_64x64_24x17_46 |        346 |        345 |       0 |    1 |   643 |      0 |      0 |         12 |
|             u_round0                |                wlmont_round16_47 |        107 |        107 |       0 |    0 |   241 |      0 |      0 |          2 |
|             u_round1                |                wlmont_round16_48 |        107 |        107 |       0 |    0 |   210 |      0 |      0 |          2 |
|             u_round2                |                wlmont_round16_49 |        107 |        107 |       0 |    0 |   178 |      0 |      0 |          2 |
|             u_round3                |                wlmont_round16_50 |        137 |        137 |       0 |    0 |   146 |      0 |      0 |          2 |
|         u_sub                       |                          mod_sub |        144 |        144 |       0 |    0 |     0 |      0 |      0 |          0 |
|         u_sum_delay                 |                       delay_line |        239 |        174 |       0 |   65 |   130 |      0 |      0 |          0 |
|       u_twiddle_rom                 |                      twiddle_rom |         18 |         18 |       0 |    0 |     0 |      0 |      0 |          0 |
|     u_intt_scale0                   |               mont_mul_select_29 |        923 |        922 |       0 |    1 |  1482 |      0 |      0 |         20 |
|       (u_intt_scale0)               |               mont_mul_select_29 |        136 |        136 |       0 |    0 |     0 |      0 |      0 |          0 |
|       g_wl.u_mul                    |                   mont_mul_wl_37 |        799 |        798 |       0 |    1 |  1482 |      0 |      0 |         20 |
|         (g_wl.u_mul)                |                   mont_mul_wl_37 |          0 |          0 |       0 |    0 |    64 |      0 |      0 |          0 |
|         u_intmul                    |            intmul_64x64_24x17_38 |        341 |        340 |       0 |    1 |   643 |      0 |      0 |         12 |
|         u_round0                    |                wlmont_round16_39 |        107 |        107 |       0 |    0 |   241 |      0 |      0 |          2 |
|         u_round1                    |                wlmont_round16_40 |        107 |        107 |       0 |    0 |   210 |      0 |      0 |          2 |
|         u_round2                    |                wlmont_round16_41 |        107 |        107 |       0 |    0 |   178 |      0 |      0 |          2 |
|         u_round3                    |                wlmont_round16_42 |        137 |        137 |       0 |    0 |   146 |      0 |      0 |          2 |
|     u_intt_scale1                   |               mont_mul_select_30 |        923 |        922 |       0 |    1 |  1482 |      0 |      0 |         20 |
|       (u_intt_scale1)               |               mont_mul_select_30 |        136 |        136 |       0 |    0 |     0 |      0 |      0 |          0 |
|       g_wl.u_mul                    |                   mont_mul_wl_31 |        799 |        798 |       0 |    1 |  1482 |      0 |      0 |         20 |
|         (g_wl.u_mul)                |                   mont_mul_wl_31 |          0 |          0 |       0 |    0 |    64 |      0 |      0 |          0 |
|         u_intmul                    |            intmul_64x64_24x17_32 |        341 |        340 |       0 |    1 |   643 |      0 |      0 |         12 |
|         u_round0                    |                wlmont_round16_33 |        107 |        107 |       0 |    0 |   241 |      0 |      0 |          2 |
|         u_round1                    |                wlmont_round16_34 |        107 |        107 |       0 |    0 |   210 |      0 |      0 |          2 |
|         u_round2                    |                wlmont_round16_35 |        107 |        107 |       0 |    0 |   178 |      0 |      0 |          2 |
|         u_round3                    |                wlmont_round16_36 |        137 |        137 |       0 |    0 |   146 |      0 |      0 |          2 |
|     u_ntt_output_delay              |       delay_line__parameterized0 |        367 |        238 |       0 |  129 |   258 |      0 |      0 |          0 |
|   u_mul0                            |                    pointwise_mul |       1051 |       1050 |       0 |    1 |  1482 |      0 |      0 |         20 |
|     u_mul                           |               mont_mul_select_22 |       1051 |       1050 |       0 |    1 |  1482 |      0 |      0 |         20 |
|       (u_mul)                       |               mont_mul_select_22 |        136 |        136 |       0 |    0 |     0 |      0 |      0 |          0 |
|       g_wl.u_mul                    |                   mont_mul_wl_23 |        927 |        926 |       0 |    1 |  1482 |      0 |      0 |         20 |
|         (g_wl.u_mul)                |                   mont_mul_wl_23 |          0 |          0 |       0 |    0 |    64 |      0 |      0 |          0 |
|         u_intmul                    |            intmul_64x64_24x17_24 |        469 |        468 |       0 |    1 |   643 |      0 |      0 |         12 |
|         u_round0                    |                wlmont_round16_25 |        107 |        107 |       0 |    0 |   241 |      0 |      0 |          2 |
|         u_round1                    |                wlmont_round16_26 |        107 |        107 |       0 |    0 |   210 |      0 |      0 |          2 |
|         u_round2                    |                wlmont_round16_27 |        107 |        107 |       0 |    0 |   178 |      0 |      0 |          2 |
|         u_round3                    |                wlmont_round16_28 |        137 |        137 |       0 |    0 |   146 |      0 |      0 |          2 |
|   u_mul1                            |                  pointwise_mul_0 |       1338 |       1336 |       0 |    2 |  1484 |      0 |      0 |         20 |
|     u_mul                           |               mont_mul_select_15 |       1338 |       1336 |       0 |    2 |  1484 |      0 |      0 |         20 |
|       (u_mul)                       |               mont_mul_select_15 |        136 |        136 |       0 |    0 |     0 |      0 |      0 |          0 |
|       g_wl.u_mul                    |                   mont_mul_wl_16 |       1214 |       1212 |       0 |    2 |  1484 |      0 |      0 |         20 |
|         (g_wl.u_mul)                |                   mont_mul_wl_16 |        287 |        286 |       0 |    1 |    66 |      0 |      0 |          0 |
|         u_intmul                    |            intmul_64x64_24x17_17 |        469 |        468 |       0 |    1 |   643 |      0 |      0 |         12 |
|         u_round0                    |                wlmont_round16_18 |        107 |        107 |       0 |    0 |   241 |      0 |      0 |          2 |
|         u_round1                    |                wlmont_round16_19 |        107 |        107 |       0 |    0 |   210 |      0 |      0 |          2 |
|         u_round2                    |                wlmont_round16_20 |        107 |        107 |       0 |    0 |   178 |      0 |      0 |          2 |
|         u_round3                    |                wlmont_round16_21 |        137 |        137 |       0 |    0 |   146 |      0 |      0 |          2 |
|   u_mul_addr_delay                  |       delay_line__parameterized1 |         32 |         32 |       0 |    0 |    82 |      0 |      0 |          0 |
|   u_post_addr_delay                 |       delay_line__parameterized2 |        175 |        164 |       0 |   11 |   148 |      0 |      0 |          0 |
|   u_post_mul0                       |                         mont_mul |       1102 |        973 |       0 |  129 |  1155 |      0 |      0 |         26 |
|   u_post_mul1                       |                       mont_mul_1 |       1096 |        968 |       0 |  128 |  1153 |      0 |      0 |         26 |
|   u_pre_mul0                        |                  mont_mul_select |       2076 |       2075 |       0 |    1 |  1482 |      0 |      0 |         20 |
|     g_wl.u_mul                      |                    mont_mul_wl_9 |       2076 |       2075 |       0 |    1 |  1482 |      0 |      0 |         20 |
|       (g_wl.u_mul)                  |                    mont_mul_wl_9 |         64 |         64 |       0 |    0 |    64 |      0 |      0 |          0 |
|       u_intmul                      |            intmul_64x64_24x17_10 |       1433 |       1432 |       0 |    1 |   643 |      0 |      0 |         12 |
|       u_round0                      |                wlmont_round16_11 |        126 |        126 |       0 |    0 |   241 |      0 |      0 |          2 |
|       u_round1                      |                wlmont_round16_12 |        126 |        126 |       0 |    0 |   210 |      0 |      0 |          2 |
|       u_round2                      |                wlmont_round16_13 |        126 |        126 |       0 |    0 |   178 |      0 |      0 |          2 |
|       u_round3                      |                wlmont_round16_14 |        205 |        205 |       0 |    0 |   146 |      0 |      0 |          2 |
|   u_pre_mul1                        |                mont_mul_select_2 |       2079 |       2077 |       0 |    2 |  1484 |      0 |      0 |         20 |
|     g_wl.u_mul                      |                      mont_mul_wl |       2079 |       2077 |       0 |    2 |  1484 |      0 |      0 |         20 |
|       (g_wl.u_mul)                  |                      mont_mul_wl |         68 |         67 |       0 |    1 |    66 |      0 |      0 |          0 |
|       u_intmul                      |               intmul_64x64_24x17 |       1432 |       1431 |       0 |    1 |   643 |      0 |      0 |         12 |
|       u_round0                      |                   wlmont_round16 |        126 |        126 |       0 |    0 |   241 |      0 |      0 |          2 |
|       u_round1                      |                 wlmont_round16_6 |        126 |        126 |       0 |    0 |   210 |      0 |      0 |          2 |
|       u_round2                      |                 wlmont_round16_7 |        126 |        126 |       0 |    0 |   178 |      0 |      0 |          2 |
|       u_round3                      |                 wlmont_round16_8 |        205 |        205 |       0 |    0 |   146 |      0 |      0 |          2 |
|   u_psi_fwd0                        |                          psi_rom |       2160 |       2160 |       0 |    0 |     0 |      0 |      0 |          0 |
|   u_psi_fwd1                        |                        psi_rom_3 |       2160 |       2160 |       0 |    0 |     0 |      0 |      0 |          0 |
|   u_psi_inv0                        |                        psi_rom_4 |       2160 |       2160 |       0 |    0 |     0 |      0 |      0 |          0 |
|   u_psi_inv1                        |                        psi_rom_5 |       2160 |       2160 |       0 |    0 |     0 |      0 |      0 |          0 |
+-------------------------------------+----------------------------------+------------+------------+---------+------+-------+--------+--------+------------+


